ARM Linker, RVCT4.0 [Build 524] for uVision [Evaluation]

==============================================================================

Small function inlining results

Inlined total of 0 calls.

==============================================================================

Memory Map of the image

  Image Entry point : 0x000000d5

  Load Region LR_1 (Base: 0x00000000, Size: 0x00001f10, Max: 0xffffffff, ABSOLUTE)

    Execution Region ER_RO (Base: 0x00000000, Size: 0x0000188c, Max: 0xffffffff, ABSOLUTE)

    Base Addr    Size         Type   Attr      Idx    E Section Name        Object

    0x00000000   0x000000c0   Data   RO           55    RESET               startup_nuc1xx.o
    0x000000c0   0x00000000   Code   RO          958  * .ARM.Collect$$$$00000000  entry.o(mc_p.l)
    0x000000c0   0x00000004   Code   RO         1227    .ARM.Collect$$$$00000001  entry2.o(mc_p.l)
    0x000000c4   0x00000004   Code   RO         1230    .ARM.Collect$$$$00000004  entry5.o(mc_p.l)
    0x000000c8   0x00000008   Code   RO         1231    .ARM.Collect$$$$00000007  entry7.o(mc_p.l)
    0x000000d0   0x00000004   Code   RO         1228    .ARM.Collect$$$$00002712  entry2.o(mc_p.l)
    0x000000d4   0x0000004c   Code   RO           56  * .text               startup_nuc1xx.o
    0x00000120   0x0000002c   Code   RO          959    .text               uidiv.o(mc_p.l)
    0x0000014c   0x00000028   Code   RO          961    .text               idiv.o(mc_p.l)
    0x00000174   0x00000024   Code   RO          963    .text               rand.o(mc_p.l)
    0x00000198   0x00000024   Code   RO         1248    .text               init.o(mc_p.l)
    0x000001bc   0x0000001c   Code   RO          299    i.BOD_IRQHandler    drvsys.o
    0x000001d8   0x00000090   Code   RO          829    i.BaudRateCalculator  drvuart.o
    0x00000268   0x00000060   Code   RO          147    i.DistMeasure       smart-lock-with-nu-lb-nuc140.o
    0x000002c8   0x00000024   Code   RO          597    i.DrvGPIO_ClrBit    drvgpio.o
    0x000002ec   0x00000020   Code   RO          610    i.DrvGPIO_GetBit    drvgpio.o
    0x0000030c   0x000003a8   Code   RO          619    i.DrvGPIO_InitFunction  drvgpio.o
    0x000006b4   0x0000005c   Code   RO          620    i.DrvGPIO_Open      drvgpio.o
    0x00000710   0x00000024   Code   RO          621    i.DrvGPIO_SetBit    drvgpio.o
    0x00000734   0x00000024   Code   RO          302    i.DrvSYS_Delay      drvsys.o
    0x00000758   0x00000040   Code   RO          315    i.DrvSYS_GetChipClockSourceStatus  drvsys.o
    0x00000798   0x00000008   Code   RO          317    i.DrvSYS_GetExtClockFreq  drvsys.o
    0x000007a0   0x0000005c   Code   RO          319    i.DrvSYS_GetPLLClockFreq  drvsys.o
    0x000007fc   0x000000a8   Code   RO          320    i.DrvSYS_GetPLLContent  drvsys.o
    0x000008a4   0x00000010   Code   RO          323    i.DrvSYS_IsProtectedRegLocked  drvsys.o
    0x000008b4   0x00000088   Code   RO          325    i.DrvSYS_Open       drvsys.o
    0x0000093c   0x00000030   Code   RO          331    i.DrvSYS_SelectHCLKSource  drvsys.o
    0x0000096c   0x00000054   Code   RO          339    i.DrvSYS_SetOscCtrl  drvsys.o
    0x000009c0   0x0000003c   Code   RO          340    i.DrvSYS_SetPLLContent  drvsys.o
    0x000009fc   0x000000dc   Code   RO          834    i.DrvUART_EnableInt  drvuart.o
    0x00000ad8   0x000001bc   Code   RO          839    i.DrvUART_Open      drvuart.o
    0x00000c94   0x00000038   Code   RO          845    i.DrvUART_Write     drvuart.o
    0x00000ccc   0x0000001c   Code   RO          627    i.EINT0_IRQHandler  drvgpio.o
    0x00000ce8   0x0000001c   Code   RO          628    i.EINT1_IRQHandler  drvgpio.o
    0x00000d04   0x00000030   Code   RO          629    i.GPAB_IRQHandler   drvgpio.o
    0x00000d34   0x00000030   Code   RO          630    i.GPCDE_IRQHandler  drvgpio.o
    0x00000d64   0x00000060   Code   RO          148    i.InitTIMER0        smart-lock-with-nu-lb-nuc140.o
    0x00000dc4   0x00000028   Code   RO          149    i.Init_GPIO_SR04    smart-lock-with-nu-lb-nuc140.o
    0x00000dec   0x00000094   Code   RO          150    i.Init_TMR2         smart-lock-with-nu-lb-nuc140.o
    0x00000e80   0x00000100   Code   RO           61    i.Initial_panel     lcd_driver.o
    0x00000f80   0x00000020   Code   RO          345    i.PWRWU_IRQHandler  drvsys.o
    0x00000fa0   0x00000030   Code   RO          151    i.SR04_Trigger      smart-lock-with-nu-lb-nuc140.o
    0x00000fd0   0x00000074   Code   RO          260    i.Scankey           scankey.o
    0x00001044   0x00000078   Code   RO           62    i.SetPACA           lcd_driver.o
    0x000010bc   0x00000054   Code   RO           63    i.Show_Word         lcd_driver.o
    0x00001110   0x00000084   Code   RO           17    i.SystemCoreClockUpdate  system_nuc1xx.o
    0x00001194   0x00000002   Code   RO           18    i.SystemInit        system_nuc1xx.o
    0x00001196   0x00000002   PAD
    0x00001198   0x0000001c   Code   RO          152    i.TMR0_IRQHandler   smart-lock-with-nu-lb-nuc140.o
    0x000011b4   0x00000034   Code   RO          153    i.TMR2_IRQHandler   smart-lock-with-nu-lb-nuc140.o
    0x000011e8   0x0000002c   Code   RO          847    i.UART02_IRQHandler  drvuart.o
    0x00001214   0x00000018   Code   RO          848    i.UART1_IRQHandler  drvuart.o
    0x0000122c   0x000001e8   Code   RO          154    i.UART_INT_HANDLE   smart-lock-with-nu-lb-nuc140.o
    0x00001414   0x00000030   Code   RO           65    i.WriteData         lcd_driver.o
    0x00001444   0x00000028   Code   RO         1057    i.__0sprintf$3      printf3.o(mc_p.l)
    0x0000146c   0x0000001a   Code   RO          584    i.__ARM_common_switch8  drvsys.o
    0x00001486   0x0000000e   Code   RO         1259    i.__scatterload_copy  handlers.o(mc_p.l)
    0x00001494   0x00000002   Code   RO         1260    i.__scatterload_null  handlers.o(mc_p.l)
    0x00001496   0x0000000e   Code   RO         1261    i.__scatterload_zeroinit  handlers.o(mc_p.l)
    0x000014a4   0x000001bc   Code   RO         1062    i._printf_core      printf3.o(mc_p.l)
    0x00001660   0x0000000a   Code   RO         1064    i._sputc            printf3.o(mc_p.l)
    0x0000166a   0x00000024   Code   RO           66    i.clr_all_panel     lcd_driver.o
    0x0000168e   0x0000000e   Code   RO          261    i.delay             scankey.o
    0x0000169c   0x0000002c   Code   RO          155    i.generateOTP       smart-lock-with-nu-lb-nuc140.o
    0x000016c8   0x00000138   Code   RO          156    i.main              smart-lock-with-nu-lb-nuc140.o
    0x00001800   0x00000022   Code   RO           68    i.print_lcd         lcd_driver.o
    0x00001822   0x00000002   PAD
    0x00001824   0x00000034   Code   RO          157    i.sendOTP           smart-lock-with-nu-lb-nuc140.o
    0x00001858   0x00000004   Data   RO          262    .constdata          scankey.o
    0x0000185c   0x00000010   Data   RO          346    .constdata          drvsys.o
    0x0000186c   0x00000020   Data   RO         1257    Region$$Table       anon$$obj.o


    Execution Region ER_RW (Base: 0x20000000, Size: 0x00000684, Max: 0xffffffff, ABSOLUTE)

    Base Addr    Size         Type   Attr      Idx    E Section Name        Object

    0x20000000   0x0000001c   Data   RW           19    .data               system_nuc1xx.o
    0x2000001c   0x00000010   Data   RW           69    .data               lcd_driver.o
    0x2000002c   0x000005f0   Data   RW          140    .data               ascii_table.o
    0x2000061c   0x00000040   Data   RW          160    .data               smart-lock-with-nu-lb-nuc140.o
    0x2000065c   0x00000008   Data   RW          347    .data               drvsys.o
    0x20000664   0x00000010   Data   RW          634    .data               drvgpio.o
    0x20000674   0x0000000c   Data   RW          849    .data               drvuart.o
    0x20000680   0x00000004   Data   RW          964    .data               rand.o(mc_p.l)


    Execution Region ER_ZI (Base: 0x20000684, Size: 0x0000041c, Max: 0xffffffff, ABSOLUTE)

    Base Addr    Size         Type   Attr      Idx    E Section Name        Object

    0x20000684   0x00000019   Zero   RW          159    .bss                smart-lock-with-nu-lb-nuc140.o
    0x2000069d   0x00000003   PAD
    0x200006a0   0x00000400   Zero   RW           53    STACK               startup_nuc1xx.o


==============================================================================

Image component sizes


      Code (inc. data)   RO Data    RW Data    ZI Data      Debug   Object Name

         0          0          0       1520          0        492   ascii_table.o
         0          0          0          0          0       4208   core_cm0.o
      1284        150          0         16          0       7330   drvgpio.o
       798        148         16          8          0      10945   drvsys.o
       932         82          0         12          0      13314   drvuart.o
       578         20          0         16          0       4513   lcd_driver.o
       130          4          4          0          0       1678   scankey.o
      1404        334          0         64         25     140673   smart-lock-with-nu-lb-nuc140.o
        76         32        192          0       1024        560   startup_nuc1xx.o
       134         22          0         28          0     119358   system_nuc1xx.o

    ----------------------------------------------------------------------
      5340        792        244       1664       1052     303071   Object Totals
         0          0         32          0          0          0   (incl. Generated)
         4          0          0          0          3          1   (incl. Padding)

    ----------------------------------------------------------------------

      Code (inc. data)   RO Data    RW Data    ZI Data      Debug   Library Member Name

         0          0          0          0          0          0   entry.o
         8          4          0          0          0          0   entry2.o
         4          0          0          0          0          0   entry5.o
         8          4          0          0          0          0   entry7.o
        30          0          0          0          0          0   handlers.o
        40          0          0          0          0         72   idiv.o
        36          8          0          0          0         68   init.o
       494         10          0          0          0        228   printf3.o
        36         12          0          4          0        116   rand.o
        44          0          0          0          0         68   uidiv.o

    ----------------------------------------------------------------------
       700         38          0          4          0        552   Library Totals
         0          0          0          0          0          0   (incl. Padding)

    ----------------------------------------------------------------------

      Code (inc. data)   RO Data    RW Data    ZI Data      Debug   Library Name

       700         38          0          4          0        552   mc_p.l

    ----------------------------------------------------------------------
       700         38          0          4          0        552   Library Totals

    ----------------------------------------------------------------------

==============================================================================


      Code (inc. data)   RO Data    RW Data    ZI Data      Debug   

      6040        830        244       1668       1052     301516   Grand Totals
      6040        830        244       1668       1052     301516   ELF Image Totals
      6040        830        244       1668          0          0   ROM Totals

==============================================================================

    Total RO  Size (Code + RO Data)                 6284 (   6.14kB)
    Total RW  Size (RW Data + ZI Data)              2720 (   2.66kB)
    Total ROM Size (Code + RO Data + RW Data)       7952 (   7.77kB)

==============================================================================

