ARM Linker, RVCT4.0 [Build 524] for uVision [Evaluation]

==============================================================================

Small function inlining results

Inlined total of 0 calls.

==============================================================================

Memory Map of the image

  Image Entry point : 0x000000d5

  Load Region LR_1 (Base: 0x00000000, Size: 0x0000260c, Max: 0xffffffff, ABSOLUTE)

    Execution Region ER_RO (Base: 0x00000000, Size: 0x00001f80, Max: 0xffffffff, ABSOLUTE)

    Base Addr    Size         Type   Attr      Idx    E Section Name        Object

    0x00000000   0x000000c0   Data   RO           55    RESET               startup_nuc1xx.o
    0x000000c0   0x00000000   Code   RO         1024  * .ARM.Collect$$$$00000000  entry.o(mc_p.l)
    0x000000c0   0x00000004   Code   RO         1294    .ARM.Collect$$$$00000001  entry2.o(mc_p.l)
    0x000000c4   0x00000004   Code   RO         1297    .ARM.Collect$$$$00000004  entry5.o(mc_p.l)
    0x000000c8   0x00000008   Code   RO         1298    .ARM.Collect$$$$00000007  entry7.o(mc_p.l)
    0x000000d0   0x00000004   Code   RO         1295    .ARM.Collect$$$$00002712  entry2.o(mc_p.l)
    0x000000d4   0x0000004c   Code   RO           56  * .text               startup_nuc1xx.o
    0x00000120   0x0000002c   Code   RO         1025    .text               uidiv.o(mc_p.l)
    0x0000014c   0x00000010   Code   RO         1027    .text               strlen.o(mc_p.l)
    0x0000015c   0x0000001c   Code   RO         1029    .text               strcmp.o(mc_p.l)
    0x00000178   0x00000012   Code   RO         1031    .text               strcpy.o(mc_p.l)
    0x0000018a   0x00000002   PAD
    0x0000018c   0x00000024   Code   RO         1315    .text               init.o(mc_p.l)
    0x000001b0   0x0000001c   Code   RO          367    i.BOD_IRQHandler    drvsys.o
    0x000001cc   0x00000090   Code   RO          895    i.BaudRateCalculator  drvuart.o
    0x0000025c   0x00000060   Code   RO          147    i.DistMeasure       smart-lock-with-nu-lb-nuc140.o
    0x000002bc   0x00000024   Code   RO          663    i.DrvGPIO_ClrBit    drvgpio.o
    0x000002e0   0x00000020   Code   RO          676    i.DrvGPIO_GetBit    drvgpio.o
    0x00000300   0x000003a8   Code   RO          685    i.DrvGPIO_InitFunction  drvgpio.o
    0x000006a8   0x0000005c   Code   RO          686    i.DrvGPIO_Open      drvgpio.o
    0x00000704   0x00000024   Code   RO          687    i.DrvGPIO_SetBit    drvgpio.o
    0x00000728   0x00000024   Code   RO          370    i.DrvSYS_Delay      drvsys.o
    0x0000074c   0x00000040   Code   RO          383    i.DrvSYS_GetChipClockSourceStatus  drvsys.o
    0x0000078c   0x00000008   Code   RO          385    i.DrvSYS_GetExtClockFreq  drvsys.o
    0x00000794   0x0000005c   Code   RO          387    i.DrvSYS_GetPLLClockFreq  drvsys.o
    0x000007f0   0x000000a8   Code   RO          388    i.DrvSYS_GetPLLContent  drvsys.o
    0x00000898   0x00000010   Code   RO          391    i.DrvSYS_IsProtectedRegLocked  drvsys.o
    0x000008a8   0x00000088   Code   RO          393    i.DrvSYS_Open       drvsys.o
    0x00000930   0x00000030   Code   RO          399    i.DrvSYS_SelectHCLKSource  drvsys.o
    0x00000960   0x00000054   Code   RO          407    i.DrvSYS_SetOscCtrl  drvsys.o
    0x000009b4   0x0000003c   Code   RO          408    i.DrvSYS_SetPLLContent  drvsys.o
    0x000009f0   0x000000dc   Code   RO          900    i.DrvUART_EnableInt  drvuart.o
    0x00000acc   0x000001bc   Code   RO          905    i.DrvUART_Open      drvuart.o
    0x00000c88   0x00000038   Code   RO          911    i.DrvUART_Write     drvuart.o
    0x00000cc0   0x0000001c   Code   RO          693    i.EINT0_IRQHandler  drvgpio.o
    0x00000cdc   0x0000001c   Code   RO          694    i.EINT1_IRQHandler  drvgpio.o
    0x00000cf8   0x00000030   Code   RO          695    i.GPAB_IRQHandler   drvgpio.o
    0x00000d28   0x00000030   Code   RO          696    i.GPCDE_IRQHandler  drvgpio.o
    0x00000d58   0x000002fc   Code   RO          338    i.InitPWM           driver_pwm_servo.o
    0x00001054   0x00000060   Code   RO          148    i.InitTIMER0        smart-lock-with-nu-lb-nuc140.o
    0x000010b4   0x00000028   Code   RO          149    i.Init_GPIO_SR04    smart-lock-with-nu-lb-nuc140.o
    0x000010dc   0x00000028   Code   RO          150    i.Init_LED          smart-lock-with-nu-lb-nuc140.o
    0x00001104   0x00000094   Code   RO          151    i.Init_TMR2         smart-lock-with-nu-lb-nuc140.o
    0x00001198   0x00000100   Code   RO           61    i.Initial_panel     lcd_driver.o
    0x00001298   0x00000018   Code   RO          298    i.OpenKeyPad        scankey.o
    0x000012b0   0x00000134   Code   RO          339    i.PWM_Servo         driver_pwm_servo.o
    0x000013e4   0x00000020   Code   RO          413    i.PWRWU_IRQHandler  drvsys.o
    0x00001404   0x00000030   Code   RO          152    i.SR04_Trigger      smart-lock-with-nu-lb-nuc140.o
    0x00001434   0x00000074   Code   RO          299    i.Scankey           scankey.o
    0x000014a8   0x00000078   Code   RO           62    i.SetPACA           lcd_driver.o
    0x00001520   0x00000054   Code   RO           63    i.Show_Word         lcd_driver.o
    0x00001574   0x00000084   Code   RO           17    i.SystemCoreClockUpdate  system_nuc1xx.o
    0x000015f8   0x00000002   Code   RO           18    i.SystemInit        system_nuc1xx.o
    0x000015fa   0x00000002   PAD
    0x000015fc   0x0000001c   Code   RO          153    i.TMR0_IRQHandler   smart-lock-with-nu-lb-nuc140.o
    0x00001618   0x00000034   Code   RO          154    i.TMR2_IRQHandler   smart-lock-with-nu-lb-nuc140.o
    0x0000164c   0x0000002c   Code   RO          913    i.UART02_IRQHandler  drvuart.o
    0x00001678   0x00000018   Code   RO          914    i.UART1_IRQHandler  drvuart.o
    0x00001690   0x00000040   Code   RO          155    i.UART_INT_HANDLE   smart-lock-with-nu-lb-nuc140.o
    0x000016d0   0x00000030   Code   RO           65    i.WriteData         lcd_driver.o
    0x00001700   0x0000002c   Code   RO         1123    i.__0snprintf$3     printf3.o(mc_p.l)
    0x0000172c   0x00000028   Code   RO         1124    i.__0sprintf$3      printf3.o(mc_p.l)
    0x00001754   0x0000001a   Code   RO          359    i.__ARM_common_switch8  driver_pwm_servo.o
    0x0000176e   0x0000000e   Code   RO         1326    i.__scatterload_copy  handlers.o(mc_p.l)
    0x0000177c   0x00000002   Code   RO         1327    i.__scatterload_null  handlers.o(mc_p.l)
    0x0000177e   0x0000000e   Code   RO         1328    i.__scatterload_zeroinit  handlers.o(mc_p.l)
    0x0000178c   0x000001bc   Code   RO         1129    i._printf_core      printf3.o(mc_p.l)
    0x00001948   0x00000016   Code   RO         1130    i._snputc           printf3.o(mc_p.l)
    0x0000195e   0x0000000a   Code   RO         1131    i._sputc            printf3.o(mc_p.l)
    0x00001968   0x00000034   Code   RO          156    i.buzzer            smart-lock-with-nu-lb-nuc140.o
    0x0000199c   0x00000010   Code   RO          157    i.clearText         smart-lock-with-nu-lb-nuc140.o
    0x000019ac   0x00000024   Code   RO           66    i.clr_all_panel     lcd_driver.o
    0x000019d0   0x0000000e   Code   RO          300    i.delay             scankey.o
    0x000019de   0x00000002   PAD
    0x000019e0   0x00000028   Code   RO          158    i.delay_sec         smart-lock-with-nu-lb-nuc140.o
    0x00001a08   0x00000064   Code   RO          159    i.display_status    smart-lock-with-nu-lb-nuc140.o
    0x00001a6c   0x00000438   Code   RO          160    i.main              smart-lock-with-nu-lb-nuc140.o
    0x00001ea4   0x00000022   Code   RO           68    i.print_lcd         lcd_driver.o
    0x00001ec6   0x00000018   Code   RO          161    i.sendID            smart-lock-with-nu-lb-nuc140.o
    0x00001ede   0x00000002   PAD
    0x00001ee0   0x0000002c   Code   RO          162    i.servo_close       smart-lock-with-nu-lb-nuc140.o
    0x00001f0c   0x0000002c   Code   RO          163    i.servo_open        smart-lock-with-nu-lb-nuc140.o
    0x00001f38   0x00000012   Data   RO          167    .constdata          smart-lock-with-nu-lb-nuc140.o
    0x00001f4a   0x00000002   PAD
    0x00001f4c   0x00000004   Data   RO          301    .constdata          scankey.o
    0x00001f50   0x00000010   Data   RO          414    .constdata          drvsys.o
    0x00001f60   0x00000020   Data   RO         1324    Region$$Table       anon$$obj.o


    Execution Region ER_RW (Base: 0x20000000, Size: 0x0000068c, Max: 0xffffffff, ABSOLUTE)

    Base Addr    Size         Type   Attr      Idx    E Section Name        Object

    0x20000000   0x0000001c   Data   RW           19    .data               system_nuc1xx.o
    0x2000001c   0x00000010   Data   RW           69    .data               lcd_driver.o
    0x2000002c   0x000005f0   Data   RW          140    .data               ascii_table.o
    0x2000061c   0x00000049   Data   RW          168    .data               smart-lock-with-nu-lb-nuc140.o
    0x20000665   0x00000003   PAD
    0x20000668   0x00000008   Data   RW          415    .data               drvsys.o
    0x20000670   0x00000010   Data   RW          700    .data               drvgpio.o
    0x20000680   0x0000000c   Data   RW          915    .data               drvuart.o


    Execution Region ER_ZI (Base: 0x2000068c, Size: 0x0000040c, Max: 0xffffffff, ABSOLUTE)

    Base Addr    Size         Type   Attr      Idx    E Section Name        Object

    0x2000068c   0x00000009   Zero   RW          166    .bss                smart-lock-with-nu-lb-nuc140.o
    0x20000695   0x00000003   PAD
    0x20000698   0x00000400   Zero   RW           53    STACK               startup_nuc1xx.o


==============================================================================

Image component sizes


      Code (inc. data)   RO Data    RW Data    ZI Data      Debug   Object Name

         0          0          0       1520          0        492   ascii_table.o
         0          0          0          0          0       4208   core_cm0.o
      1098         56          0          0          0       1818   driver_pwm_servo.o
      1284        150          0         16          0       7330   drvgpio.o
       772        148         16          8          0      10873   drvsys.o
       932         82          0         12          0      13314   drvuart.o
       578         20          0         16          0       4513   lcd_driver.o
       154          4          4          0          0       2187   scankey.o
      2012        416         18         73          9     144649   smart-lock-with-nu-lb-nuc140.o
        76         32        192          0       1024        560   startup_nuc1xx.o
       134         22          0         28          0     119358   system_nuc1xx.o

    ----------------------------------------------------------------------
      7046        930        264       1676       1036     309302   Object Totals
         0          0         32          0          0          0   (incl. Generated)
         6          0          2          3          3          0   (incl. Padding)

    ----------------------------------------------------------------------

      Code (inc. data)   RO Data    RW Data    ZI Data      Debug   Library Member Name

         0          0          0          0          0          0   entry.o
         8          4          0          0          0          0   entry2.o
         4          0          0          0          0          0   entry5.o
         8          4          0          0          0          0   entry7.o
        30          0          0          0          0          0   handlers.o
        36          8          0          0          0         68   init.o
       560         16          0          0          0        372   printf3.o
        28          0          0          0          0         68   strcmp.o
        18          0          0          0          0         60   strcpy.o
        16          0          0          0          0         60   strlen.o
        44          0          0          0          0         68   uidiv.o

    ----------------------------------------------------------------------
       754         32          0          0          0        696   Library Totals
         2          0          0          0          0          0   (incl. Padding)

    ----------------------------------------------------------------------

      Code (inc. data)   RO Data    RW Data    ZI Data      Debug   Library Name

       752         32          0          0          0        696   mc_p.l

    ----------------------------------------------------------------------
       754         32          0          0          0        696   Library Totals

    ----------------------------------------------------------------------

==============================================================================


      Code (inc. data)   RO Data    RW Data    ZI Data      Debug   

      7800        962        264       1676       1036     307428   Grand Totals
      7800        962        264       1676       1036     307428   ELF Image Totals
      7800        962        264       1676          0          0   ROM Totals

==============================================================================

    Total RO  Size (Code + RO Data)                 8064 (   7.88kB)
    Total RW  Size (RW Data + ZI Data)              2712 (   2.65kB)
    Total ROM Size (Code + RO Data + RW Data)       9740 (   9.51kB)

==============================================================================

