ARM Linker, RVCT4.0 [Build 524] for uVision [Evaluation]

==============================================================================

Small function inlining results

Inlined total of 0 calls.

==============================================================================

Memory Map of the image

  Image Entry point : 0x000000d5

  Load Region LR_1 (Base: 0x00000000, Size: 0x00002574, Max: 0xffffffff, ABSOLUTE)

    Execution Region ER_RO (Base: 0x00000000, Size: 0x00001ee8, Max: 0xffffffff, ABSOLUTE)

    Base Addr    Size         Type   Attr      Idx    E Section Name        Object

    0x00000000   0x000000c0   Data   RO           55    RESET               startup_nuc1xx.o
    0x000000c0   0x00000000   Code   RO         1012  * .ARM.Collect$$$$00000000  entry.o(mc_p.l)
    0x000000c0   0x00000004   Code   RO         1282    .ARM.Collect$$$$00000001  entry2.o(mc_p.l)
    0x000000c4   0x00000004   Code   RO         1285    .ARM.Collect$$$$00000004  entry5.o(mc_p.l)
    0x000000c8   0x00000008   Code   RO         1286    .ARM.Collect$$$$00000007  entry7.o(mc_p.l)
    0x000000d0   0x00000004   Code   RO         1283    .ARM.Collect$$$$00002712  entry2.o(mc_p.l)
    0x000000d4   0x0000004c   Code   RO           56  * .text               startup_nuc1xx.o
    0x00000120   0x0000002c   Code   RO         1013    .text               uidiv.o(mc_p.l)
    0x0000014c   0x00000010   Code   RO         1015    .text               strlen.o(mc_p.l)
    0x0000015c   0x0000001c   Code   RO         1017    .text               strcmp.o(mc_p.l)
    0x00000178   0x00000012   Code   RO         1019    .text               strcpy.o(mc_p.l)
    0x0000018a   0x00000002   PAD
    0x0000018c   0x00000024   Code   RO         1303    .text               init.o(mc_p.l)
    0x000001b0   0x0000001c   Code   RO          355    i.BOD_IRQHandler    drvsys.o
    0x000001cc   0x00000090   Code   RO          883    i.BaudRateCalculator  drvuart.o
    0x0000025c   0x00000060   Code   RO          147    i.DistMeasure       smart-lock-with-nu-lb-nuc140.o
    0x000002bc   0x00000024   Code   RO          651    i.DrvGPIO_ClrBit    drvgpio.o
    0x000002e0   0x00000020   Code   RO          664    i.DrvGPIO_GetBit    drvgpio.o
    0x00000300   0x000003a8   Code   RO          673    i.DrvGPIO_InitFunction  drvgpio.o
    0x000006a8   0x0000005c   Code   RO          674    i.DrvGPIO_Open      drvgpio.o
    0x00000704   0x00000024   Code   RO          675    i.DrvGPIO_SetBit    drvgpio.o
    0x00000728   0x00000024   Code   RO          358    i.DrvSYS_Delay      drvsys.o
    0x0000074c   0x00000040   Code   RO          371    i.DrvSYS_GetChipClockSourceStatus  drvsys.o
    0x0000078c   0x00000008   Code   RO          373    i.DrvSYS_GetExtClockFreq  drvsys.o
    0x00000794   0x0000005c   Code   RO          375    i.DrvSYS_GetPLLClockFreq  drvsys.o
    0x000007f0   0x000000a8   Code   RO          376    i.DrvSYS_GetPLLContent  drvsys.o
    0x00000898   0x00000010   Code   RO          379    i.DrvSYS_IsProtectedRegLocked  drvsys.o
    0x000008a8   0x00000088   Code   RO          381    i.DrvSYS_Open       drvsys.o
    0x00000930   0x00000030   Code   RO          387    i.DrvSYS_SelectHCLKSource  drvsys.o
    0x00000960   0x00000054   Code   RO          395    i.DrvSYS_SetOscCtrl  drvsys.o
    0x000009b4   0x0000003c   Code   RO          396    i.DrvSYS_SetPLLContent  drvsys.o
    0x000009f0   0x000000dc   Code   RO          888    i.DrvUART_EnableInt  drvuart.o
    0x00000acc   0x000001bc   Code   RO          893    i.DrvUART_Open      drvuart.o
    0x00000c88   0x00000038   Code   RO          899    i.DrvUART_Write     drvuart.o
    0x00000cc0   0x0000001c   Code   RO          681    i.EINT0_IRQHandler  drvgpio.o
    0x00000cdc   0x0000001c   Code   RO          682    i.EINT1_IRQHandler  drvgpio.o
    0x00000cf8   0x00000030   Code   RO          683    i.GPAB_IRQHandler   drvgpio.o
    0x00000d28   0x00000030   Code   RO          684    i.GPCDE_IRQHandler  drvgpio.o
    0x00000d58   0x000002fc   Code   RO          326    i.InitPWM           driver_pwm_servo.o
    0x00001054   0x00000060   Code   RO          148    i.InitTIMER0        smart-lock-with-nu-lb-nuc140.o
    0x000010b4   0x00000028   Code   RO          149    i.Init_GPIO_SR04    smart-lock-with-nu-lb-nuc140.o
    0x000010dc   0x00000094   Code   RO          150    i.Init_TMR2         smart-lock-with-nu-lb-nuc140.o
    0x00001170   0x00000100   Code   RO           61    i.Initial_panel     lcd_driver.o
    0x00001270   0x00000018   Code   RO          286    i.OpenKeyPad        scankey.o
    0x00001288   0x00000134   Code   RO          327    i.PWM_Servo         driver_pwm_servo.o
    0x000013bc   0x00000020   Code   RO          401    i.PWRWU_IRQHandler  drvsys.o
    0x000013dc   0x00000030   Code   RO          151    i.SR04_Trigger      smart-lock-with-nu-lb-nuc140.o
    0x0000140c   0x00000074   Code   RO          287    i.Scankey           scankey.o
    0x00001480   0x00000078   Code   RO           62    i.SetPACA           lcd_driver.o
    0x000014f8   0x00000054   Code   RO           63    i.Show_Word         lcd_driver.o
    0x0000154c   0x00000084   Code   RO           17    i.SystemCoreClockUpdate  system_nuc1xx.o
    0x000015d0   0x00000002   Code   RO           18    i.SystemInit        system_nuc1xx.o
    0x000015d2   0x00000002   PAD
    0x000015d4   0x0000001c   Code   RO          152    i.TMR0_IRQHandler   smart-lock-with-nu-lb-nuc140.o
    0x000015f0   0x00000034   Code   RO          153    i.TMR2_IRQHandler   smart-lock-with-nu-lb-nuc140.o
    0x00001624   0x0000002c   Code   RO          901    i.UART02_IRQHandler  drvuart.o
    0x00001650   0x00000018   Code   RO          902    i.UART1_IRQHandler  drvuart.o
    0x00001668   0x00000040   Code   RO          154    i.UART_INT_HANDLE   smart-lock-with-nu-lb-nuc140.o
    0x000016a8   0x00000030   Code   RO           65    i.WriteData         lcd_driver.o
    0x000016d8   0x0000002c   Code   RO         1111    i.__0snprintf$3     printf3.o(mc_p.l)
    0x00001704   0x00000028   Code   RO         1112    i.__0sprintf$3      printf3.o(mc_p.l)
    0x0000172c   0x0000001a   Code   RO          347    i.__ARM_common_switch8  driver_pwm_servo.o
    0x00001746   0x0000000e   Code   RO         1314    i.__scatterload_copy  handlers.o(mc_p.l)
    0x00001754   0x00000002   Code   RO         1315    i.__scatterload_null  handlers.o(mc_p.l)
    0x00001756   0x0000000e   Code   RO         1316    i.__scatterload_zeroinit  handlers.o(mc_p.l)
    0x00001764   0x000001bc   Code   RO         1117    i._printf_core      printf3.o(mc_p.l)
    0x00001920   0x00000016   Code   RO         1118    i._snputc           printf3.o(mc_p.l)
    0x00001936   0x0000000a   Code   RO         1119    i._sputc            printf3.o(mc_p.l)
    0x00001940   0x00000010   Code   RO          155    i.clearText         smart-lock-with-nu-lb-nuc140.o
    0x00001950   0x00000024   Code   RO           66    i.clr_all_panel     lcd_driver.o
    0x00001974   0x0000000e   Code   RO          288    i.delay             scankey.o
    0x00001982   0x00000002   PAD
    0x00001984   0x00000028   Code   RO          156    i.delay_sec         smart-lock-with-nu-lb-nuc140.o
    0x000019ac   0x00000020   Code   RO          157    i.display_status    smart-lock-with-nu-lb-nuc140.o
    0x000019cc   0x0000041c   Code   RO          158    i.main              smart-lock-with-nu-lb-nuc140.o
    0x00001de8   0x00000022   Code   RO           68    i.print_lcd         lcd_driver.o
    0x00001e0a   0x00000018   Code   RO          159    i.sendID            smart-lock-with-nu-lb-nuc140.o
    0x00001e22   0x00000002   PAD
    0x00001e24   0x0000002c   Code   RO          160    i.servo_close       smart-lock-with-nu-lb-nuc140.o
    0x00001e50   0x0000002c   Code   RO          161    i.servo_open        smart-lock-with-nu-lb-nuc140.o
    0x00001e7c   0x00000036   Data   RO          165    .constdata          smart-lock-with-nu-lb-nuc140.o
    0x00001eb2   0x00000002   PAD
    0x00001eb4   0x00000004   Data   RO          289    .constdata          scankey.o
    0x00001eb8   0x00000010   Data   RO          402    .constdata          drvsys.o
    0x00001ec8   0x00000020   Data   RO         1312    Region$$Table       anon$$obj.o


    Execution Region ER_RW (Base: 0x20000000, Size: 0x0000068c, Max: 0xffffffff, ABSOLUTE)

    Base Addr    Size         Type   Attr      Idx    E Section Name        Object

    0x20000000   0x0000001c   Data   RW           19    .data               system_nuc1xx.o
    0x2000001c   0x00000010   Data   RW           69    .data               lcd_driver.o
    0x2000002c   0x000005f0   Data   RW          140    .data               ascii_table.o
    0x2000061c   0x00000049   Data   RW          166    .data               smart-lock-with-nu-lb-nuc140.o
    0x20000665   0x00000003   PAD
    0x20000668   0x00000008   Data   RW          403    .data               drvsys.o
    0x20000670   0x00000010   Data   RW          688    .data               drvgpio.o
    0x20000680   0x0000000c   Data   RW          903    .data               drvuart.o


    Execution Region ER_ZI (Base: 0x2000068c, Size: 0x0000040c, Max: 0xffffffff, ABSOLUTE)

    Base Addr    Size         Type   Attr      Idx    E Section Name        Object

    0x2000068c   0x00000009   Zero   RW          164    .bss                smart-lock-with-nu-lb-nuc140.o
    0x20000695   0x00000003   PAD
    0x20000698   0x00000400   Zero   RW           53    STACK               startup_nuc1xx.o


==============================================================================

Image component sizes


      Code (inc. data)   RO Data    RW Data    ZI Data      Debug   Object Name

         0          0          0       1520          0        492   ascii_table.o
         0          0          0          0          0       4208   core_cm0.o
      1098         56          0          0          0       1818   driver_pwm_servo.o
      1284        150          0         16          0       7330   drvgpio.o
       772        148         16          8          0      10873   drvsys.o
       932         82          0         12          0      13314   drvuart.o
       578         20          0         16          0       4513   lcd_driver.o
       154          4          4          0          0       2187   scankey.o
      1824        366         54         73          9     143561   smart-lock-with-nu-lb-nuc140.o
        76         32        192          0       1024        560   startup_nuc1xx.o
       134         22          0         28          0     119358   system_nuc1xx.o

    ----------------------------------------------------------------------
      6858        880        300       1676       1036     308214   Object Totals
         0          0         32          0          0          0   (incl. Generated)
         6          0          2          3          3          0   (incl. Padding)

    ----------------------------------------------------------------------

      Code (inc. data)   RO Data    RW Data    ZI Data      Debug   Library Member Name

         0          0          0          0          0          0   entry.o
         8          4          0          0          0          0   entry2.o
         4          0          0          0          0          0   entry5.o
         8          4          0          0          0          0   entry7.o
        30          0          0          0          0          0   handlers.o
        36          8          0          0          0         68   init.o
       560         16          0          0          0        372   printf3.o
        28          0          0          0          0         68   strcmp.o
        18          0          0          0          0         60   strcpy.o
        16          0          0          0          0         60   strlen.o
        44          0          0          0          0         68   uidiv.o

    ----------------------------------------------------------------------
       754         32          0          0          0        696   Library Totals
         2          0          0          0          0          0   (incl. Padding)

    ----------------------------------------------------------------------

      Code (inc. data)   RO Data    RW Data    ZI Data      Debug   Library Name

       752         32          0          0          0        696   mc_p.l

    ----------------------------------------------------------------------
       754         32          0          0          0        696   Library Totals

    ----------------------------------------------------------------------

==============================================================================


      Code (inc. data)   RO Data    RW Data    ZI Data      Debug   

      7612        912        300       1676       1036     306424   Grand Totals
      7612        912        300       1676       1036     306424   ELF Image Totals
      7612        912        300       1676          0          0   ROM Totals

==============================================================================

    Total RO  Size (Code + RO Data)                 7912 (   7.73kB)
    Total RW  Size (RW Data + ZI Data)              2712 (   2.65kB)
    Total ROM Size (Code + RO Data + RW Data)       9588 (   9.36kB)

==============================================================================

