ARM Linker, RVCT4.0 [Build 524] for uVision [Evaluation]

==============================================================================

Small function inlining results

Inlined total of 0 calls.

==============================================================================

Memory Map of the image

  Image Entry point : 0x000000d5

  Load Region LR_1 (Base: 0x00000000, Size: 0x0000246c, Max: 0xffffffff, ABSOLUTE)

    Execution Region ER_RO (Base: 0x00000000, Size: 0x00001dd8, Max: 0xffffffff, ABSOLUTE)

    Base Addr    Size         Type   Attr      Idx    E Section Name        Object

    0x00000000   0x000000c0   Data   RO           55    RESET               startup_nuc1xx.o
    0x000000c0   0x00000000   Code   RO         1008  * .ARM.Collect$$$$00000000  entry.o(mc_p.l)
    0x000000c0   0x00000004   Code   RO         1281    .ARM.Collect$$$$00000001  entry2.o(mc_p.l)
    0x000000c4   0x00000004   Code   RO         1284    .ARM.Collect$$$$00000004  entry5.o(mc_p.l)
    0x000000c8   0x00000008   Code   RO         1285    .ARM.Collect$$$$00000007  entry7.o(mc_p.l)
    0x000000d0   0x00000004   Code   RO         1282    .ARM.Collect$$$$00002712  entry2.o(mc_p.l)
    0x000000d4   0x0000004c   Code   RO           56  * .text               startup_nuc1xx.o
    0x00000120   0x0000002c   Code   RO         1009    .text               uidiv.o(mc_p.l)
    0x0000014c   0x00000028   Code   RO         1011    .text               idiv.o(mc_p.l)
    0x00000174   0x00000024   Code   RO         1013    .text               rand.o(mc_p.l)
    0x00000198   0x0000001c   Code   RO         1016    .text               strcat.o(mc_p.l)
    0x000001b4   0x0000001c   Code   RO         1018    .text               strcmp.o(mc_p.l)
    0x000001d0   0x00000024   Code   RO         1302    .text               init.o(mc_p.l)
    0x000001f4   0x0000001c   Code   RO          351    i.BOD_IRQHandler    drvsys.o
    0x00000210   0x00000090   Code   RO          879    i.BaudRateCalculator  drvuart.o
    0x000002a0   0x00000060   Code   RO          147    i.DistMeasure       smart-lock-with-nu-lb-nuc140.o
    0x00000300   0x00000024   Code   RO          647    i.DrvGPIO_ClrBit    drvgpio.o
    0x00000324   0x00000020   Code   RO          660    i.DrvGPIO_GetBit    drvgpio.o
    0x00000344   0x000003a8   Code   RO          669    i.DrvGPIO_InitFunction  drvgpio.o
    0x000006ec   0x0000005c   Code   RO          670    i.DrvGPIO_Open      drvgpio.o
    0x00000748   0x00000024   Code   RO          671    i.DrvGPIO_SetBit    drvgpio.o
    0x0000076c   0x00000024   Code   RO          354    i.DrvSYS_Delay      drvsys.o
    0x00000790   0x00000040   Code   RO          367    i.DrvSYS_GetChipClockSourceStatus  drvsys.o
    0x000007d0   0x00000008   Code   RO          369    i.DrvSYS_GetExtClockFreq  drvsys.o
    0x000007d8   0x0000005c   Code   RO          371    i.DrvSYS_GetPLLClockFreq  drvsys.o
    0x00000834   0x000000a8   Code   RO          372    i.DrvSYS_GetPLLContent  drvsys.o
    0x000008dc   0x00000010   Code   RO          375    i.DrvSYS_IsProtectedRegLocked  drvsys.o
    0x000008ec   0x00000088   Code   RO          377    i.DrvSYS_Open       drvsys.o
    0x00000974   0x00000030   Code   RO          383    i.DrvSYS_SelectHCLKSource  drvsys.o
    0x000009a4   0x00000054   Code   RO          391    i.DrvSYS_SetOscCtrl  drvsys.o
    0x000009f8   0x0000003c   Code   RO          392    i.DrvSYS_SetPLLContent  drvsys.o
    0x00000a34   0x000000dc   Code   RO          884    i.DrvUART_EnableInt  drvuart.o
    0x00000b10   0x000001bc   Code   RO          889    i.DrvUART_Open      drvuart.o
    0x00000ccc   0x00000038   Code   RO          895    i.DrvUART_Write     drvuart.o
    0x00000d04   0x0000001c   Code   RO          677    i.EINT0_IRQHandler  drvgpio.o
    0x00000d20   0x0000001c   Code   RO          678    i.EINT1_IRQHandler  drvgpio.o
    0x00000d3c   0x00000030   Code   RO          679    i.GPAB_IRQHandler   drvgpio.o
    0x00000d6c   0x00000030   Code   RO          680    i.GPCDE_IRQHandler  drvgpio.o
    0x00000d9c   0x000002fc   Code   RO          322    i.InitPWM           driver_pwm_servo.o
    0x00001098   0x00000060   Code   RO          148    i.InitTIMER0        smart-lock-with-nu-lb-nuc140.o
    0x000010f8   0x00000028   Code   RO          149    i.Init_GPIO_SR04    smart-lock-with-nu-lb-nuc140.o
    0x00001120   0x00000094   Code   RO          150    i.Init_TMR2         smart-lock-with-nu-lb-nuc140.o
    0x000011b4   0x00000100   Code   RO           61    i.Initial_panel     lcd_driver.o
    0x000012b4   0x00000134   Code   RO          323    i.PWM_Servo         driver_pwm_servo.o
    0x000013e8   0x00000020   Code   RO          397    i.PWRWU_IRQHandler  drvsys.o
    0x00001408   0x00000030   Code   RO          151    i.SR04_Trigger      smart-lock-with-nu-lb-nuc140.o
    0x00001438   0x00000074   Code   RO          283    i.Scankey           scankey.o
    0x000014ac   0x00000078   Code   RO           62    i.SetPACA           lcd_driver.o
    0x00001524   0x00000054   Code   RO           63    i.Show_Word         lcd_driver.o
    0x00001578   0x00000084   Code   RO           17    i.SystemCoreClockUpdate  system_nuc1xx.o
    0x000015fc   0x00000002   Code   RO           18    i.SystemInit        system_nuc1xx.o
    0x000015fe   0x00000002   PAD
    0x00001600   0x0000001c   Code   RO          152    i.TMR0_IRQHandler   smart-lock-with-nu-lb-nuc140.o
    0x0000161c   0x00000034   Code   RO          153    i.TMR2_IRQHandler   smart-lock-with-nu-lb-nuc140.o
    0x00001650   0x0000002c   Code   RO          897    i.UART02_IRQHandler  drvuart.o
    0x0000167c   0x00000018   Code   RO          898    i.UART1_IRQHandler  drvuart.o
    0x00001694   0x00000068   Code   RO          154    i.UART_INT_HANDLE   smart-lock-with-nu-lb-nuc140.o
    0x000016fc   0x00000030   Code   RO           65    i.WriteData         lcd_driver.o
    0x0000172c   0x00000028   Code   RO         1111    i.__0sprintf$3      printf3.o(mc_p.l)
    0x00001754   0x0000001a   Code   RO          343    i.__ARM_common_switch8  driver_pwm_servo.o
    0x0000176e   0x0000000e   Code   RO         1313    i.__scatterload_copy  handlers.o(mc_p.l)
    0x0000177c   0x00000002   Code   RO         1314    i.__scatterload_null  handlers.o(mc_p.l)
    0x0000177e   0x0000000e   Code   RO         1315    i.__scatterload_zeroinit  handlers.o(mc_p.l)
    0x0000178c   0x000001bc   Code   RO         1116    i._printf_core      printf3.o(mc_p.l)
    0x00001948   0x0000000a   Code   RO         1118    i._sputc            printf3.o(mc_p.l)
    0x00001952   0x00000024   Code   RO           66    i.clr_all_panel     lcd_driver.o
    0x00001976   0x0000000e   Code   RO          284    i.delay             scankey.o
    0x00001984   0x00000048   Code   RO          155    i.display_status    smart-lock-with-nu-lb-nuc140.o
    0x000019cc   0x0000002c   Code   RO          156    i.generateOTP       smart-lock-with-nu-lb-nuc140.o
    0x000019f8   0x0000030c   Code   RO          157    i.main              smart-lock-with-nu-lb-nuc140.o
    0x00001d04   0x00000022   Code   RO           68    i.print_lcd         lcd_driver.o
    0x00001d26   0x00000002   PAD
    0x00001d28   0x0000002c   Code   RO          158    i.sendOTP           smart-lock-with-nu-lb-nuc140.o
    0x00001d54   0x0000000c   Code   RO          159    i.servo_close       smart-lock-with-nu-lb-nuc140.o
    0x00001d60   0x0000002c   Code   RO          160    i.servo_open        smart-lock-with-nu-lb-nuc140.o
    0x00001d8c   0x00000017   Data   RO          163    .constdata          smart-lock-with-nu-lb-nuc140.o
    0x00001da3   0x00000001   PAD
    0x00001da4   0x00000004   Data   RO          285    .constdata          scankey.o
    0x00001da8   0x00000010   Data   RO          398    .constdata          drvsys.o
    0x00001db8   0x00000020   Data   RO         1311    Region$$Table       anon$$obj.o


    Execution Region ER_RW (Base: 0x20000000, Size: 0x00000694, Max: 0xffffffff, ABSOLUTE)

    Base Addr    Size         Type   Attr      Idx    E Section Name        Object

    0x20000000   0x0000001c   Data   RW           19    .data               system_nuc1xx.o
    0x2000001c   0x00000010   Data   RW           69    .data               lcd_driver.o
    0x2000002c   0x000005f0   Data   RW          140    .data               ascii_table.o
    0x2000061c   0x0000004e   Data   RW          164    .data               smart-lock-with-nu-lb-nuc140.o
    0x2000066a   0x00000002   PAD
    0x2000066c   0x00000008   Data   RW          399    .data               drvsys.o
    0x20000674   0x00000010   Data   RW          684    .data               drvgpio.o
    0x20000684   0x0000000c   Data   RW          899    .data               drvuart.o
    0x20000690   0x00000004   Data   RW         1014    .data               rand.o(mc_p.l)


    Execution Region ER_ZI (Base: 0x20000694, Size: 0x0000041c, Max: 0xffffffff, ABSOLUTE)

    Base Addr    Size         Type   Attr      Idx    E Section Name        Object

    0x20000694   0x00000019   Zero   RW          162    .bss                smart-lock-with-nu-lb-nuc140.o
    0x200006ad   0x00000003   PAD
    0x200006b0   0x00000400   Zero   RW           53    STACK               startup_nuc1xx.o


==============================================================================

Image component sizes


      Code (inc. data)   RO Data    RW Data    ZI Data      Debug   Object Name

         0          0          0       1520          0        492   ascii_table.o
         0          0          0          0          0       4208   core_cm0.o
      1098         56          0          0          0       1818   driver_pwm_servo.o
      1284        150          0         16          0       7330   drvgpio.o
       772        148         16          8          0      10873   drvsys.o
       932         82          0         12          0      13314   drvuart.o
       578         20          0         16          0       4513   lcd_driver.o
       130          4          4          0          0       1678   scankey.o
      1608        370         23         78         25     142724   smart-lock-with-nu-lb-nuc140.o
        76         32        192          0       1024        560   startup_nuc1xx.o
       134         22          0         28          0     119358   system_nuc1xx.o

    ----------------------------------------------------------------------
      6616        884        268       1680       1052     306868   Object Totals
         0          0         32          0          0          0   (incl. Generated)
         4          0          1          2          3          2   (incl. Padding)

    ----------------------------------------------------------------------

      Code (inc. data)   RO Data    RW Data    ZI Data      Debug   Library Member Name

         0          0          0          0          0          0   entry.o
         8          4          0          0          0          0   entry2.o
         4          0          0          0          0          0   entry5.o
         8          4          0          0          0          0   entry7.o
        30          0          0          0          0          0   handlers.o
        40          0          0          0          0         72   idiv.o
        36          8          0          0          0         68   init.o
       494         10          0          0          0        228   printf3.o
        36         12          0          4          0        116   rand.o
        28          0          0          0          0         60   strcat.o
        28          0          0          0          0         68   strcmp.o
        44          0          0          0          0         68   uidiv.o

    ----------------------------------------------------------------------
       756         38          0          4          0        680   Library Totals
         0          0          0          0          0          0   (incl. Padding)

    ----------------------------------------------------------------------

      Code (inc. data)   RO Data    RW Data    ZI Data      Debug   Library Name

       756         38          0          4          0        680   mc_p.l

    ----------------------------------------------------------------------
       756         38          0          4          0        680   Library Totals

    ----------------------------------------------------------------------

==============================================================================


      Code (inc. data)   RO Data    RW Data    ZI Data      Debug   

      7372        922        268       1684       1052     305148   Grand Totals
      7372        922        268       1684       1052     305148   ELF Image Totals
      7372        922        268       1684          0          0   ROM Totals

==============================================================================

    Total RO  Size (Code + RO Data)                 7640 (   7.46kB)
    Total RW  Size (RW Data + ZI Data)              2736 (   2.67kB)
    Total ROM Size (Code + RO Data + RW Data)       9324 (   9.11kB)

==============================================================================

