ARM Linker, RVCT4.0 [Build 524] for uVision [Evaluation]

==============================================================================

Small function inlining results

Inlined total of 0 calls.

==============================================================================

Memory Map of the image

  Image Entry point : 0x000000d5

  Load Region LR_1 (Base: 0x00000000, Size: 0x000025fc, Max: 0xffffffff, ABSOLUTE)

    Execution Region ER_RO (Base: 0x00000000, Size: 0x00001f68, Max: 0xffffffff, ABSOLUTE)

    Base Addr    Size         Type   Attr      Idx    E Section Name        Object

    0x00000000   0x000000c0   Data   RO           55    RESET               startup_nuc1xx.o
    0x000000c0   0x00000000   Code   RO         1017  * .ARM.Collect$$$$00000000  entry.o(mc_p.l)
    0x000000c0   0x00000004   Code   RO         1292    .ARM.Collect$$$$00000001  entry2.o(mc_p.l)
    0x000000c4   0x00000004   Code   RO         1295    .ARM.Collect$$$$00000004  entry5.o(mc_p.l)
    0x000000c8   0x00000008   Code   RO         1296    .ARM.Collect$$$$00000007  entry7.o(mc_p.l)
    0x000000d0   0x00000004   Code   RO         1293    .ARM.Collect$$$$00002712  entry2.o(mc_p.l)
    0x000000d4   0x0000004c   Code   RO           56  * .text               startup_nuc1xx.o
    0x00000120   0x0000002c   Code   RO         1018    .text               uidiv.o(mc_p.l)
    0x0000014c   0x00000028   Code   RO         1020    .text               idiv.o(mc_p.l)
    0x00000174   0x00000024   Code   RO         1022    .text               rand.o(mc_p.l)
    0x00000198   0x00000026   Code   RO         1025    .text               memseta.o(mc_p.l)
    0x000001be   0x0000001c   Code   RO         1027    .text               strcat.o(mc_p.l)
    0x000001da   0x0000001c   Code   RO         1029    .text               strcmp.o(mc_p.l)
    0x000001f6   0x00000002   PAD
    0x000001f8   0x00000024   Code   RO         1313    .text               init.o(mc_p.l)
    0x0000021c   0x0000001c   Code   RO          360    i.BOD_IRQHandler    drvsys.o
    0x00000238   0x00000090   Code   RO          888    i.BaudRateCalculator  drvuart.o
    0x000002c8   0x00000060   Code   RO          147    i.DistMeasure       smart-lock-with-nu-lb-nuc140.o
    0x00000328   0x00000024   Code   RO          656    i.DrvGPIO_ClrBit    drvgpio.o
    0x0000034c   0x00000028   Code   RO          664    i.DrvGPIO_EnableDebounce  drvgpio.o
    0x00000374   0x00000020   Code   RO          669    i.DrvGPIO_GetBit    drvgpio.o
    0x00000394   0x000003a8   Code   RO          678    i.DrvGPIO_InitFunction  drvgpio.o
    0x0000073c   0x0000005c   Code   RO          679    i.DrvGPIO_Open      drvgpio.o
    0x00000798   0x00000024   Code   RO          680    i.DrvGPIO_SetBit    drvgpio.o
    0x000007bc   0x00000034   Code   RO          682    i.DrvGPIO_SetDebounceTime  drvgpio.o
    0x000007f0   0x00000024   Code   RO          363    i.DrvSYS_Delay      drvsys.o
    0x00000814   0x00000040   Code   RO          376    i.DrvSYS_GetChipClockSourceStatus  drvsys.o
    0x00000854   0x00000008   Code   RO          378    i.DrvSYS_GetExtClockFreq  drvsys.o
    0x0000085c   0x0000005c   Code   RO          380    i.DrvSYS_GetPLLClockFreq  drvsys.o
    0x000008b8   0x000000a8   Code   RO          381    i.DrvSYS_GetPLLContent  drvsys.o
    0x00000960   0x00000010   Code   RO          384    i.DrvSYS_IsProtectedRegLocked  drvsys.o
    0x00000970   0x00000088   Code   RO          386    i.DrvSYS_Open       drvsys.o
    0x000009f8   0x00000030   Code   RO          392    i.DrvSYS_SelectHCLKSource  drvsys.o
    0x00000a28   0x00000054   Code   RO          400    i.DrvSYS_SetOscCtrl  drvsys.o
    0x00000a7c   0x0000003c   Code   RO          401    i.DrvSYS_SetPLLContent  drvsys.o
    0x00000ab8   0x000000dc   Code   RO          893    i.DrvUART_EnableInt  drvuart.o
    0x00000b94   0x000001bc   Code   RO          898    i.DrvUART_Open      drvuart.o
    0x00000d50   0x00000038   Code   RO          904    i.DrvUART_Write     drvuart.o
    0x00000d88   0x0000001c   Code   RO          686    i.EINT0_IRQHandler  drvgpio.o
    0x00000da4   0x0000001c   Code   RO          687    i.EINT1_IRQHandler  drvgpio.o
    0x00000dc0   0x00000030   Code   RO          688    i.GPAB_IRQHandler   drvgpio.o
    0x00000df0   0x00000030   Code   RO          689    i.GPCDE_IRQHandler  drvgpio.o
    0x00000e20   0x000002fc   Code   RO          331    i.InitPWM           driver_pwm_servo.o
    0x0000111c   0x00000060   Code   RO          148    i.InitTIMER0        smart-lock-with-nu-lb-nuc140.o
    0x0000117c   0x00000028   Code   RO          149    i.Init_GPIO_SR04    smart-lock-with-nu-lb-nuc140.o
    0x000011a4   0x00000094   Code   RO          150    i.Init_TMR2         smart-lock-with-nu-lb-nuc140.o
    0x00001238   0x00000100   Code   RO           61    i.Initial_panel     lcd_driver.o
    0x00001338   0x00000018   Code   RO          291    i.OpenKeyPad        scankey.o
    0x00001350   0x00000134   Code   RO          332    i.PWM_Servo         driver_pwm_servo.o
    0x00001484   0x00000020   Code   RO          406    i.PWRWU_IRQHandler  drvsys.o
    0x000014a4   0x00000030   Code   RO          151    i.SR04_Trigger      smart-lock-with-nu-lb-nuc140.o
    0x000014d4   0x00000074   Code   RO          292    i.Scankey           scankey.o
    0x00001548   0x00000078   Code   RO           62    i.SetPACA           lcd_driver.o
    0x000015c0   0x00000054   Code   RO           63    i.Show_Word         lcd_driver.o
    0x00001614   0x00000084   Code   RO           17    i.SystemCoreClockUpdate  system_nuc1xx.o
    0x00001698   0x00000002   Code   RO           18    i.SystemInit        system_nuc1xx.o
    0x0000169a   0x00000002   PAD
    0x0000169c   0x0000001c   Code   RO          152    i.TMR0_IRQHandler   smart-lock-with-nu-lb-nuc140.o
    0x000016b8   0x00000034   Code   RO          153    i.TMR2_IRQHandler   smart-lock-with-nu-lb-nuc140.o
    0x000016ec   0x0000002c   Code   RO          906    i.UART02_IRQHandler  drvuart.o
    0x00001718   0x00000018   Code   RO          907    i.UART1_IRQHandler  drvuart.o
    0x00001730   0x00000068   Code   RO          154    i.UART_INT_HANDLE   smart-lock-with-nu-lb-nuc140.o
    0x00001798   0x00000030   Code   RO           65    i.WriteData         lcd_driver.o
    0x000017c8   0x00000028   Code   RO         1122    i.__0sprintf$3      printf3.o(mc_p.l)
    0x000017f0   0x0000001a   Code   RO          352    i.__ARM_common_switch8  driver_pwm_servo.o
    0x0000180a   0x0000000e   Code   RO         1324    i.__scatterload_copy  handlers.o(mc_p.l)
    0x00001818   0x00000002   Code   RO         1325    i.__scatterload_null  handlers.o(mc_p.l)
    0x0000181a   0x0000000e   Code   RO         1326    i.__scatterload_zeroinit  handlers.o(mc_p.l)
    0x00001828   0x000001bc   Code   RO         1127    i._printf_core      printf3.o(mc_p.l)
    0x000019e4   0x0000000a   Code   RO         1129    i._sputc            printf3.o(mc_p.l)
    0x000019ee   0x00000024   Code   RO           66    i.clr_all_panel     lcd_driver.o
    0x00001a12   0x0000000e   Code   RO          293    i.delay             scankey.o
    0x00001a20   0x00000028   Code   RO          156    i.delay_sec         smart-lock-with-nu-lb-nuc140.o
    0x00001a48   0x00000020   Code   RO          157    i.display_status    smart-lock-with-nu-lb-nuc140.o
    0x00001a68   0x0000002c   Code   RO          158    i.generateOTP       smart-lock-with-nu-lb-nuc140.o
    0x00001a94   0x000003d4   Code   RO          159    i.main              smart-lock-with-nu-lb-nuc140.o
    0x00001e68   0x00000022   Code   RO           68    i.print_lcd         lcd_driver.o
    0x00001e8a   0x00000002   PAD
    0x00001e8c   0x0000002c   Code   RO          160    i.sendOTP           smart-lock-with-nu-lb-nuc140.o
    0x00001eb8   0x0000000c   Code   RO          161    i.servo_close       smart-lock-with-nu-lb-nuc140.o
    0x00001ec4   0x0000002c   Code   RO          162    i.servo_open        smart-lock-with-nu-lb-nuc140.o
    0x00001ef0   0x00000041   Data   RO          165    .constdata          smart-lock-with-nu-lb-nuc140.o
    0x00001f31   0x00000003   PAD
    0x00001f34   0x00000004   Data   RO          294    .constdata          scankey.o
    0x00001f38   0x00000010   Data   RO          407    .constdata          drvsys.o
    0x00001f48   0x00000020   Data   RO         1322    Region$$Table       anon$$obj.o


    Execution Region ER_RW (Base: 0x20000000, Size: 0x00000694, Max: 0xffffffff, ABSOLUTE)

    Base Addr    Size         Type   Attr      Idx    E Section Name        Object

    0x20000000   0x0000001c   Data   RW           19    .data               system_nuc1xx.o
    0x2000001c   0x00000010   Data   RW           69    .data               lcd_driver.o
    0x2000002c   0x000005f0   Data   RW          140    .data               ascii_table.o
    0x2000061c   0x0000004e   Data   RW          166    .data               smart-lock-with-nu-lb-nuc140.o
    0x2000066a   0x00000002   PAD
    0x2000066c   0x00000008   Data   RW          408    .data               drvsys.o
    0x20000674   0x00000010   Data   RW          693    .data               drvgpio.o
    0x20000684   0x0000000c   Data   RW          908    .data               drvuart.o
    0x20000690   0x00000004   Data   RW         1023    .data               rand.o(mc_p.l)


    Execution Region ER_ZI (Base: 0x20000694, Size: 0x0000041c, Max: 0xffffffff, ABSOLUTE)

    Base Addr    Size         Type   Attr      Idx    E Section Name        Object

    0x20000694   0x00000019   Zero   RW          164    .bss                smart-lock-with-nu-lb-nuc140.o
    0x200006ad   0x00000003   PAD
    0x200006b0   0x00000400   Zero   RW           53    STACK               startup_nuc1xx.o


==============================================================================

Image component sizes


      Code (inc. data)   RO Data    RW Data    ZI Data      Debug   Object Name

         0          0          0       1520          0        492   ascii_table.o
         0          0          0          0          0       4208   core_cm0.o
      1098         56          0          0          0       1818   driver_pwm_servo.o
      1376        170          0         16          0       8581   drvgpio.o
       772        148         16          8          0      10873   drvsys.o
       932         82          0         12          0      13314   drvuart.o
       578         20          0         16          0       4513   lcd_driver.o
       154          4          4          0          0       2187   scankey.o
      1808        360         65         78         25     143491   smart-lock-with-nu-lb-nuc140.o
        76         32        192          0       1024        560   startup_nuc1xx.o
       134         22          0         28          0     119358   system_nuc1xx.o

    ----------------------------------------------------------------------
      6932        894        312       1680       1052     309395   Object Totals
         0          0         32          0          0          0   (incl. Generated)
         4          0          3          2          3          1   (incl. Padding)

    ----------------------------------------------------------------------

      Code (inc. data)   RO Data    RW Data    ZI Data      Debug   Library Member Name

         0          0          0          0          0          0   entry.o
         8          4          0          0          0          0   entry2.o
         4          0          0          0          0          0   entry5.o
         8          4          0          0          0          0   entry7.o
        30          0          0          0          0          0   handlers.o
        40          0          0          0          0         72   idiv.o
        36          8          0          0          0         68   init.o
        38          0          0          0          0        100   memseta.o
       494         10          0          0          0        228   printf3.o
        36         12          0          4          0        116   rand.o
        28          0          0          0          0         60   strcat.o
        28          0          0          0          0         68   strcmp.o
        44          0          0          0          0         68   uidiv.o

    ----------------------------------------------------------------------
       796         38          0          4          0        780   Library Totals
         2          0          0          0          0          0   (incl. Padding)

    ----------------------------------------------------------------------

      Code (inc. data)   RO Data    RW Data    ZI Data      Debug   Library Name

       794         38          0          4          0        780   mc_p.l

    ----------------------------------------------------------------------
       796         38          0          4          0        780   Library Totals

    ----------------------------------------------------------------------

==============================================================================


      Code (inc. data)   RO Data    RW Data    ZI Data      Debug   

      7728        932        312       1684       1052     307564   Grand Totals
      7728        932        312       1684       1052     307564   ELF Image Totals
      7728        932        312       1684          0          0   ROM Totals

==============================================================================

    Total RO  Size (Code + RO Data)                 8040 (   7.85kB)
    Total RW  Size (RW Data + ZI Data)              2736 (   2.67kB)
    Total ROM Size (Code + RO Data + RW Data)       9724 (   9.50kB)

==============================================================================

