ARM Linker, RVCT4.0 [Build 524] for uVision [Evaluation]

==============================================================================

Small function inlining results

Inlined total of 0 calls.

==============================================================================

Memory Map of the image

  Image Entry point : 0x000000d5

  Load Region LR_1 (Base: 0x00000000, Size: 0x00001538, Max: 0xffffffff, ABSOLUTE)

    Execution Region ER_RO (Base: 0x00000000, Size: 0x00000ec8, Max: 0xffffffff, ABSOLUTE)

    Base Addr    Size         Type   Attr      Idx    E Section Name        Object

    0x00000000   0x000000c0   Data   RO           55    RESET               startup_nuc1xx.o
    0x000000c0   0x00000000   Code   RO          778  * .ARM.Collect$$$$00000000  entry.o(mc_p.l)
    0x000000c0   0x00000004   Code   RO         1047    .ARM.Collect$$$$00000001  entry2.o(mc_p.l)
    0x000000c4   0x00000004   Code   RO         1050    .ARM.Collect$$$$00000004  entry5.o(mc_p.l)
    0x000000c8   0x00000008   Code   RO         1051    .ARM.Collect$$$$00000007  entry7.o(mc_p.l)
    0x000000d0   0x00000004   Code   RO         1048    .ARM.Collect$$$$00002712  entry2.o(mc_p.l)
    0x000000d4   0x0000004c   Code   RO           56  * .text               startup_nuc1xx.o
    0x00000120   0x0000002c   Code   RO          779    .text               uidiv.o(mc_p.l)
    0x0000014c   0x00000028   Code   RO          781    .text               idiv.o(mc_p.l)
    0x00000174   0x00000024   Code   RO          783    .text               rand.o(mc_p.l)
    0x00000198   0x00000024   Code   RO         1068    .text               init.o(mc_p.l)
    0x000001bc   0x0000001c   Code   RO          244    i.BOD_IRQHandler    drvsys.o
    0x000001d8   0x00000060   Code   RO          147    i.DistMeasure       smart-lock-with-nu-lb-nuc140.o
    0x00000238   0x0000005c   Code   RO          569    i.DrvGPIO_Open      drvgpio.o
    0x00000294   0x00000024   Code   RO          247    i.DrvSYS_Delay      drvsys.o
    0x000002b8   0x00000040   Code   RO          260    i.DrvSYS_GetChipClockSourceStatus  drvsys.o
    0x000002f8   0x000000a8   Code   RO          265    i.DrvSYS_GetPLLContent  drvsys.o
    0x000003a0   0x00000010   Code   RO          268    i.DrvSYS_IsProtectedRegLocked  drvsys.o
    0x000003b0   0x00000088   Code   RO          270    i.DrvSYS_Open       drvsys.o
    0x00000438   0x00000030   Code   RO          276    i.DrvSYS_SelectHCLKSource  drvsys.o
    0x00000468   0x00000054   Code   RO          284    i.DrvSYS_SetOscCtrl  drvsys.o
    0x000004bc   0x0000003c   Code   RO          285    i.DrvSYS_SetPLLContent  drvsys.o
    0x000004f8   0x0000001c   Code   RO          576    i.EINT0_IRQHandler  drvgpio.o
    0x00000514   0x0000001c   Code   RO          577    i.EINT1_IRQHandler  drvgpio.o
    0x00000530   0x00000030   Code   RO          578    i.GPAB_IRQHandler   drvgpio.o
    0x00000560   0x00000030   Code   RO          579    i.GPCDE_IRQHandler  drvgpio.o
    0x00000590   0x00000060   Code   RO          148    i.InitTIMER0        smart-lock-with-nu-lb-nuc140.o
    0x000005f0   0x00000028   Code   RO          149    i.Init_GPIO_SR04    smart-lock-with-nu-lb-nuc140.o
    0x00000618   0x00000094   Code   RO          150    i.Init_TMR2         smart-lock-with-nu-lb-nuc140.o
    0x000006ac   0x00000100   Code   RO           61    i.Initial_panel     lcd_driver.o
    0x000007ac   0x00000020   Code   RO          290    i.PWRWU_IRQHandler  drvsys.o
    0x000007cc   0x00000030   Code   RO          151    i.SR04_Trigger      smart-lock-with-nu-lb-nuc140.o
    0x000007fc   0x00000078   Code   RO           62    i.SetPACA           lcd_driver.o
    0x00000874   0x00000054   Code   RO           63    i.Show_Word         lcd_driver.o
    0x000008c8   0x00000084   Code   RO           17    i.SystemCoreClockUpdate  system_nuc1xx.o
    0x0000094c   0x00000002   Code   RO           18    i.SystemInit        system_nuc1xx.o
    0x0000094e   0x00000002   PAD
    0x00000950   0x0000003c   Code   RO          152    i.TMR0_IRQHandler   smart-lock-with-nu-lb-nuc140.o
    0x0000098c   0x00000034   Code   RO          153    i.TMR2_IRQHandler   smart-lock-with-nu-lb-nuc140.o
    0x000009c0   0x00000030   Code   RO           65    i.WriteData         lcd_driver.o
    0x000009f0   0x00000028   Code   RO          943    i.__0sprintf$6      printf6.o(mc_p.l)
    0x00000a18   0x0000001a   Code   RO          529    i.__ARM_common_switch8  drvsys.o
    0x00000a32   0x0000000e   Code   RO         1079    i.__scatterload_copy  handlers.o(mc_p.l)
    0x00000a40   0x00000002   Code   RO         1080    i.__scatterload_null  handlers.o(mc_p.l)
    0x00000a42   0x0000000e   Code   RO         1081    i.__scatterload_zeroinit  handlers.o(mc_p.l)
    0x00000a50   0x00000304   Code   RO          948    i._printf_core      printf6.o(mc_p.l)
    0x00000d54   0x00000020   Code   RO          949    i._printf_post_padding  printf6.o(mc_p.l)
    0x00000d74   0x0000002a   Code   RO          950    i._printf_pre_padding  printf6.o(mc_p.l)
    0x00000d9e   0x0000000a   Code   RO          952    i._sputc            printf6.o(mc_p.l)
    0x00000da8   0x00000024   Code   RO           66    i.clr_all_panel     lcd_driver.o
    0x00000dcc   0x0000002c   Code   RO          154    i.generateOTP       smart-lock-with-nu-lb-nuc140.o
    0x00000df8   0x0000008c   Code   RO          155    i.main              smart-lock-with-nu-lb-nuc140.o
    0x00000e84   0x00000022   Code   RO           68    i.print_lcd         lcd_driver.o
    0x00000ea6   0x00000002   PAD
    0x00000ea8   0x00000020   Data   RO         1077    Region$$Table       anon$$obj.o


    Execution Region ER_RW (Base: 0x20000000, Size: 0x00000670, Max: 0xffffffff, ABSOLUTE)

    Base Addr    Size         Type   Attr      Idx    E Section Name        Object

    0x20000000   0x0000001c   Data   RW           19    .data               system_nuc1xx.o
    0x2000001c   0x00000010   Data   RW           69    .data               lcd_driver.o
    0x2000002c   0x000005f0   Data   RW          140    .data               ascii_table.o
    0x2000061c   0x00000037   Data   RW          157    .data               smart-lock-with-nu-lb-nuc140.o
    0x20000653   0x00000001   PAD
    0x20000654   0x00000008   Data   RW          292    .data               drvsys.o
    0x2000065c   0x00000010   Data   RW          583    .data               drvgpio.o
    0x2000066c   0x00000004   Data   RW          784    .data               rand.o(mc_p.l)


    Execution Region ER_ZI (Base: 0x20000670, Size: 0x00000400, Max: 0xffffffff, ABSOLUTE)

    Base Addr    Size         Type   Attr      Idx    E Section Name        Object

    0x20000670   0x00000400   Zero   RW           53    STACK               startup_nuc1xx.o


==============================================================================

Image component sizes


      Code (inc. data)   RO Data    RW Data    ZI Data      Debug   Object Name

         0          0          0       1520          0        492   ascii_table.o
         0          0          0          0          0       4208   core_cm0.o
       244         44          0         16          0       3892   drvgpio.o
       698        126          0          8          0       9787   drvsys.o
       578         20          0         16          0       4513   lcd_driver.o
       724        154          0         55          0     135714   smart-lock-with-nu-lb-nuc140.o
        76         32        192          0       1024        560   startup_nuc1xx.o
       134         22          0         28          0     119358   system_nuc1xx.o

    ----------------------------------------------------------------------
      2458        398        224       1644       1024     278524   Object Totals
         0          0         32          0          0          0   (incl. Generated)
         4          0          0          1          0          0   (incl. Padding)

    ----------------------------------------------------------------------

      Code (inc. data)   RO Data    RW Data    ZI Data      Debug   Library Member Name

         0          0          0          0          0          0   entry.o
         8          4          0          0          0          0   entry2.o
         4          0          0          0          0          0   entry5.o
         8          4          0          0          0          0   entry7.o
        30          0          0          0          0          0   handlers.o
        40          0          0          0          0         72   idiv.o
        36          8          0          0          0         68   init.o
       896          8          0          0          0        380   printf6.o
        36         12          0          4          0        116   rand.o
        44          0          0          0          0         68   uidiv.o

    ----------------------------------------------------------------------
      1102         36          0          4          0        704   Library Totals
         0          0          0          0          0          0   (incl. Padding)

    ----------------------------------------------------------------------

      Code (inc. data)   RO Data    RW Data    ZI Data      Debug   Library Name

      1102         36          0          4          0        704   mc_p.l

    ----------------------------------------------------------------------
      1102         36          0          4          0        704   Library Totals

    ----------------------------------------------------------------------

==============================================================================


      Code (inc. data)   RO Data    RW Data    ZI Data      Debug   

      3560        434        224       1648       1024     277708   Grand Totals
      3560        434        224       1648       1024     277708   ELF Image Totals
      3560        434        224       1648          0          0   ROM Totals

==============================================================================

    Total RO  Size (Code + RO Data)                 3784 (   3.70kB)
    Total RW  Size (RW Data + ZI Data)              2672 (   2.61kB)
    Total ROM Size (Code + RO Data + RW Data)       5432 (   5.30kB)

==============================================================================

