ARM Linker, RVCT4.0 [Build 524] for uVision [Evaluation]

==============================================================================

Small function inlining results

Inlined total of 0 calls.

==============================================================================

Memory Map of the image

  Image Entry point : 0x000000d5

  Load Region LR_1 (Base: 0x00000000, Size: 0x00001614, Max: 0xffffffff, ABSOLUTE)

    Execution Region ER_RO (Base: 0x00000000, Size: 0x00000fac, Max: 0xffffffff, ABSOLUTE)

    Base Addr    Size         Type   Attr      Idx    E Section Name        Object

    0x00000000   0x000000c0   Data   RO           55    RESET               startup_nuc1xx.o
    0x000000c0   0x00000000   Code   RO          753  * .ARM.Collect$$$$00000000  entry.o(mc_p.l)
    0x000000c0   0x00000004   Code   RO         1017    .ARM.Collect$$$$00000001  entry2.o(mc_p.l)
    0x000000c4   0x00000004   Code   RO         1020    .ARM.Collect$$$$00000004  entry5.o(mc_p.l)
    0x000000c8   0x00000008   Code   RO         1021    .ARM.Collect$$$$00000007  entry7.o(mc_p.l)
    0x000000d0   0x00000004   Code   RO         1018    .ARM.Collect$$$$00002712  entry2.o(mc_p.l)
    0x000000d4   0x0000004c   Code   RO           56  * .text               startup_nuc1xx.o
    0x00000120   0x0000002c   Code   RO          754    .text               uidiv.o(mc_p.l)
    0x0000014c   0x00000024   Code   RO         1038    .text               init.o(mc_p.l)
    0x00000170   0x0000001c   Code   RO          223    i.BOD_IRQHandler    drvsys.o
    0x0000018c   0x00000060   Code   RO          147    i.DistMeasure       smart-lock-with-nu-lb-nuc140.o
    0x000001ec   0x00000024   Code   RO          521    i.DrvGPIO_ClrBit    drvgpio.o
    0x00000210   0x0000005c   Code   RO          544    i.DrvGPIO_Open      drvgpio.o
    0x0000026c   0x00000024   Code   RO          545    i.DrvGPIO_SetBit    drvgpio.o
    0x00000290   0x00000024   Code   RO          226    i.DrvSYS_Delay      drvsys.o
    0x000002b4   0x00000040   Code   RO          239    i.DrvSYS_GetChipClockSourceStatus  drvsys.o
    0x000002f4   0x000000a8   Code   RO          244    i.DrvSYS_GetPLLContent  drvsys.o
    0x0000039c   0x00000010   Code   RO          247    i.DrvSYS_IsProtectedRegLocked  drvsys.o
    0x000003ac   0x00000088   Code   RO          249    i.DrvSYS_Open       drvsys.o
    0x00000434   0x00000030   Code   RO          255    i.DrvSYS_SelectHCLKSource  drvsys.o
    0x00000464   0x00000054   Code   RO          263    i.DrvSYS_SetOscCtrl  drvsys.o
    0x000004b8   0x0000003c   Code   RO          264    i.DrvSYS_SetPLLContent  drvsys.o
    0x000004f4   0x0000001c   Code   RO          551    i.EINT0_IRQHandler  drvgpio.o
    0x00000510   0x0000001c   Code   RO          552    i.EINT1_IRQHandler  drvgpio.o
    0x0000052c   0x00000030   Code   RO          553    i.GPAB_IRQHandler   drvgpio.o
    0x0000055c   0x00000030   Code   RO          554    i.GPCDE_IRQHandler  drvgpio.o
    0x0000058c   0x00000060   Code   RO          148    i.InitTIMER0        smart-lock-with-nu-lb-nuc140.o
    0x000005ec   0x00000028   Code   RO          149    i.Init_GPIO_SR04    smart-lock-with-nu-lb-nuc140.o
    0x00000614   0x00000094   Code   RO          150    i.Init_TMR2         smart-lock-with-nu-lb-nuc140.o
    0x000006a8   0x00000100   Code   RO           61    i.Initial_panel     lcd_driver.o
    0x000007a8   0x00000020   Code   RO          269    i.PWRWU_IRQHandler  drvsys.o
    0x000007c8   0x00000030   Code   RO          151    i.SR04_Trigger      smart-lock-with-nu-lb-nuc140.o
    0x000007f8   0x00000078   Code   RO           62    i.SetPACA           lcd_driver.o
    0x00000870   0x00000054   Code   RO           63    i.Show_Word         lcd_driver.o
    0x000008c4   0x00000084   Code   RO           17    i.SystemCoreClockUpdate  system_nuc1xx.o
    0x00000948   0x00000002   Code   RO           18    i.SystemInit        system_nuc1xx.o
    0x0000094a   0x00000002   PAD
    0x0000094c   0x0000003c   Code   RO          152    i.TMR0_IRQHandler   smart-lock-with-nu-lb-nuc140.o
    0x00000988   0x00000034   Code   RO          153    i.TMR2_IRQHandler   smart-lock-with-nu-lb-nuc140.o
    0x000009bc   0x00000030   Code   RO           65    i.WriteData         lcd_driver.o
    0x000009ec   0x00000028   Code   RO          913    i.__0sprintf$6      printf6.o(mc_p.l)
    0x00000a14   0x0000001a   Code   RO          508    i.__ARM_common_switch8  drvsys.o
    0x00000a2e   0x0000000e   Code   RO         1049    i.__scatterload_copy  handlers.o(mc_p.l)
    0x00000a3c   0x00000002   Code   RO         1050    i.__scatterload_null  handlers.o(mc_p.l)
    0x00000a3e   0x0000000e   Code   RO         1051    i.__scatterload_zeroinit  handlers.o(mc_p.l)
    0x00000a4c   0x00000304   Code   RO          918    i._printf_core      printf6.o(mc_p.l)
    0x00000d50   0x00000020   Code   RO          919    i._printf_post_padding  printf6.o(mc_p.l)
    0x00000d70   0x0000002a   Code   RO          920    i._printf_pre_padding  printf6.o(mc_p.l)
    0x00000d9a   0x0000000a   Code   RO          922    i._sputc            printf6.o(mc_p.l)
    0x00000da4   0x00000024   Code   RO           66    i.clr_all_panel     lcd_driver.o
    0x00000dc8   0x000001a0   Code   RO          154    i.main              smart-lock-with-nu-lb-nuc140.o
    0x00000f68   0x00000022   Code   RO           68    i.print_lcd         lcd_driver.o
    0x00000f8a   0x00000002   PAD
    0x00000f8c   0x00000020   Data   RO         1047    Region$$Table       anon$$obj.o


    Execution Region ER_RW (Base: 0x20000000, Size: 0x00000668, Max: 0xffffffff, ABSOLUTE)

    Base Addr    Size         Type   Attr      Idx    E Section Name        Object

    0x20000000   0x0000001c   Data   RW           19    .data               system_nuc1xx.o
    0x2000001c   0x00000010   Data   RW           69    .data               lcd_driver.o
    0x2000002c   0x000005f0   Data   RW          140    .data               ascii_table.o
    0x2000061c   0x00000032   Data   RW          155    .data               smart-lock-with-nu-lb-nuc140.o
    0x2000064e   0x00000002   PAD
    0x20000650   0x00000008   Data   RW          271    .data               drvsys.o
    0x20000658   0x00000010   Data   RW          558    .data               drvgpio.o


    Execution Region ER_ZI (Base: 0x20000668, Size: 0x00000400, Max: 0xffffffff, ABSOLUTE)

    Base Addr    Size         Type   Attr      Idx    E Section Name        Object

    0x20000668   0x00000400   Zero   RW           53    STACK               startup_nuc1xx.o


==============================================================================

Image component sizes


      Code (inc. data)   RO Data    RW Data    ZI Data      Debug   Object Name

         0          0          0       1520          0        492   ascii_table.o
         0          0          0          0          0       4208   core_cm0.o
       316         60          0         16          0       5166   drvgpio.o
       698        126          0          8          0       9787   drvsys.o
       578         20          0         16          0       4513   lcd_driver.o
       956        202          0         50          0     135292   smart-lock-with-nu-lb-nuc140.o
        76         32        192          0       1024        556   startup_nuc1xx.o
       134         22          0         28          0     119358   system_nuc1xx.o

    ----------------------------------------------------------------------
      2762        462        224       1640       1024     279372   Object Totals
         0          0         32          0          0          0   (incl. Generated)
         4          0          0          2          0          0   (incl. Padding)

    ----------------------------------------------------------------------

      Code (inc. data)   RO Data    RW Data    ZI Data      Debug   Library Member Name

         0          0          0          0          0          0   entry.o
         8          4          0          0          0          0   entry2.o
         4          0          0          0          0          0   entry5.o
         8          4          0          0          0          0   entry7.o
        30          0          0          0          0          0   handlers.o
        36          8          0          0          0         68   init.o
       896          8          0          0          0        380   printf6.o
        44          0          0          0          0         68   uidiv.o

    ----------------------------------------------------------------------
      1026         24          0          0          0        516   Library Totals
         0          0          0          0          0          0   (incl. Padding)

    ----------------------------------------------------------------------

      Code (inc. data)   RO Data    RW Data    ZI Data      Debug   Library Name

      1026         24          0          0          0        516   mc_p.l

    ----------------------------------------------------------------------
      1026         24          0          0          0        516   Library Totals

    ----------------------------------------------------------------------

==============================================================================


      Code (inc. data)   RO Data    RW Data    ZI Data      Debug   

      3788        486        224       1640       1024     278452   Grand Totals
      3788        486        224       1640       1024     278452   ELF Image Totals
      3788        486        224       1640          0          0   ROM Totals

==============================================================================

    Total RO  Size (Code + RO Data)                 4012 (   3.92kB)
    Total RW  Size (RW Data + ZI Data)              2664 (   2.60kB)
    Total ROM Size (Code + RO Data + RW Data)       5652 (   5.52kB)

==============================================================================

