ARM Linker, RVCT4.0 [Build 524] for uVision [Evaluation]

==============================================================================

Small function inlining results

Inlined total of 0 calls.

==============================================================================

Memory Map of the image

  Image Entry point : 0x000000d5

  Load Region LR_1 (Base: 0x00000000, Size: 0x00002594, Max: 0xffffffff, ABSOLUTE)

    Execution Region ER_RO (Base: 0x00000000, Size: 0x00001f00, Max: 0xffffffff, ABSOLUTE)

    Base Addr    Size         Type   Attr      Idx    E Section Name        Object

    0x00000000   0x000000c0   Data   RO           55    RESET               startup_nuc1xx.o
    0x000000c0   0x00000000   Code   RO         1018  * .ARM.Collect$$$$00000000  entry.o(mc_p.l)
    0x000000c0   0x00000004   Code   RO         1291    .ARM.Collect$$$$00000001  entry2.o(mc_p.l)
    0x000000c4   0x00000004   Code   RO         1294    .ARM.Collect$$$$00000004  entry5.o(mc_p.l)
    0x000000c8   0x00000008   Code   RO         1295    .ARM.Collect$$$$00000007  entry7.o(mc_p.l)
    0x000000d0   0x00000004   Code   RO         1292    .ARM.Collect$$$$00002712  entry2.o(mc_p.l)
    0x000000d4   0x0000004c   Code   RO           56  * .text               startup_nuc1xx.o
    0x00000120   0x0000002c   Code   RO         1019    .text               uidiv.o(mc_p.l)
    0x0000014c   0x00000028   Code   RO         1021    .text               idiv.o(mc_p.l)
    0x00000174   0x00000024   Code   RO         1023    .text               rand.o(mc_p.l)
    0x00000198   0x0000001c   Code   RO         1026    .text               strcmp.o(mc_p.l)
    0x000001b4   0x00000012   Code   RO         1028    .text               strcpy.o(mc_p.l)
    0x000001c6   0x00000002   PAD
    0x000001c8   0x00000024   Code   RO         1312    .text               init.o(mc_p.l)
    0x000001ec   0x0000001c   Code   RO          361    i.BOD_IRQHandler    drvsys.o
    0x00000208   0x00000090   Code   RO          889    i.BaudRateCalculator  drvuart.o
    0x00000298   0x00000060   Code   RO          147    i.DistMeasure       smart-lock-with-nu-lb-nuc140.o
    0x000002f8   0x00000024   Code   RO          657    i.DrvGPIO_ClrBit    drvgpio.o
    0x0000031c   0x00000020   Code   RO          670    i.DrvGPIO_GetBit    drvgpio.o
    0x0000033c   0x000003a8   Code   RO          679    i.DrvGPIO_InitFunction  drvgpio.o
    0x000006e4   0x0000005c   Code   RO          680    i.DrvGPIO_Open      drvgpio.o
    0x00000740   0x00000024   Code   RO          681    i.DrvGPIO_SetBit    drvgpio.o
    0x00000764   0x00000024   Code   RO          364    i.DrvSYS_Delay      drvsys.o
    0x00000788   0x00000040   Code   RO          377    i.DrvSYS_GetChipClockSourceStatus  drvsys.o
    0x000007c8   0x00000008   Code   RO          379    i.DrvSYS_GetExtClockFreq  drvsys.o
    0x000007d0   0x0000005c   Code   RO          381    i.DrvSYS_GetPLLClockFreq  drvsys.o
    0x0000082c   0x000000a8   Code   RO          382    i.DrvSYS_GetPLLContent  drvsys.o
    0x000008d4   0x00000010   Code   RO          385    i.DrvSYS_IsProtectedRegLocked  drvsys.o
    0x000008e4   0x00000088   Code   RO          387    i.DrvSYS_Open       drvsys.o
    0x0000096c   0x00000030   Code   RO          393    i.DrvSYS_SelectHCLKSource  drvsys.o
    0x0000099c   0x00000054   Code   RO          401    i.DrvSYS_SetOscCtrl  drvsys.o
    0x000009f0   0x0000003c   Code   RO          402    i.DrvSYS_SetPLLContent  drvsys.o
    0x00000a2c   0x000000dc   Code   RO          894    i.DrvUART_EnableInt  drvuart.o
    0x00000b08   0x000001bc   Code   RO          899    i.DrvUART_Open      drvuart.o
    0x00000cc4   0x00000038   Code   RO          905    i.DrvUART_Write     drvuart.o
    0x00000cfc   0x0000001c   Code   RO          687    i.EINT0_IRQHandler  drvgpio.o
    0x00000d18   0x0000001c   Code   RO          688    i.EINT1_IRQHandler  drvgpio.o
    0x00000d34   0x00000030   Code   RO          689    i.GPAB_IRQHandler   drvgpio.o
    0x00000d64   0x00000030   Code   RO          690    i.GPCDE_IRQHandler  drvgpio.o
    0x00000d94   0x000002fc   Code   RO          332    i.InitPWM           driver_pwm_servo.o
    0x00001090   0x00000060   Code   RO          148    i.InitTIMER0        smart-lock-with-nu-lb-nuc140.o
    0x000010f0   0x00000028   Code   RO          149    i.Init_GPIO_SR04    smart-lock-with-nu-lb-nuc140.o
    0x00001118   0x00000094   Code   RO          150    i.Init_TMR2         smart-lock-with-nu-lb-nuc140.o
    0x000011ac   0x00000100   Code   RO           61    i.Initial_panel     lcd_driver.o
    0x000012ac   0x00000018   Code   RO          292    i.OpenKeyPad        scankey.o
    0x000012c4   0x00000134   Code   RO          333    i.PWM_Servo         driver_pwm_servo.o
    0x000013f8   0x00000020   Code   RO          407    i.PWRWU_IRQHandler  drvsys.o
    0x00001418   0x00000030   Code   RO          151    i.SR04_Trigger      smart-lock-with-nu-lb-nuc140.o
    0x00001448   0x00000074   Code   RO          293    i.Scankey           scankey.o
    0x000014bc   0x00000078   Code   RO           62    i.SetPACA           lcd_driver.o
    0x00001534   0x00000054   Code   RO           63    i.Show_Word         lcd_driver.o
    0x00001588   0x00000084   Code   RO           17    i.SystemCoreClockUpdate  system_nuc1xx.o
    0x0000160c   0x00000002   Code   RO           18    i.SystemInit        system_nuc1xx.o
    0x0000160e   0x00000002   PAD
    0x00001610   0x0000001c   Code   RO          152    i.TMR0_IRQHandler   smart-lock-with-nu-lb-nuc140.o
    0x0000162c   0x00000034   Code   RO          153    i.TMR2_IRQHandler   smart-lock-with-nu-lb-nuc140.o
    0x00001660   0x0000002c   Code   RO          907    i.UART02_IRQHandler  drvuart.o
    0x0000168c   0x00000018   Code   RO          908    i.UART1_IRQHandler  drvuart.o
    0x000016a4   0x00000068   Code   RO          154    i.UART_INT_HANDLE   smart-lock-with-nu-lb-nuc140.o
    0x0000170c   0x00000030   Code   RO           65    i.WriteData         lcd_driver.o
    0x0000173c   0x00000028   Code   RO         1121    i.__0sprintf$3      printf3.o(mc_p.l)
    0x00001764   0x0000001a   Code   RO          353    i.__ARM_common_switch8  driver_pwm_servo.o
    0x0000177e   0x0000000e   Code   RO         1323    i.__scatterload_copy  handlers.o(mc_p.l)
    0x0000178c   0x00000002   Code   RO         1324    i.__scatterload_null  handlers.o(mc_p.l)
    0x0000178e   0x0000000e   Code   RO         1325    i.__scatterload_zeroinit  handlers.o(mc_p.l)
    0x0000179c   0x000001bc   Code   RO         1126    i._printf_core      printf3.o(mc_p.l)
    0x00001958   0x0000000a   Code   RO         1128    i._sputc            printf3.o(mc_p.l)
    0x00001962   0x00000002   PAD
    0x00001964   0x00000010   Code   RO          155    i.clearText         smart-lock-with-nu-lb-nuc140.o
    0x00001974   0x00000024   Code   RO           66    i.clr_all_panel     lcd_driver.o
    0x00001998   0x0000000e   Code   RO          294    i.delay             scankey.o
    0x000019a6   0x00000002   PAD
    0x000019a8   0x00000028   Code   RO          156    i.delay_sec         smart-lock-with-nu-lb-nuc140.o
    0x000019d0   0x00000020   Code   RO          157    i.display_status    smart-lock-with-nu-lb-nuc140.o
    0x000019f0   0x0000002c   Code   RO          158    i.generateOTP       smart-lock-with-nu-lb-nuc140.o
    0x00001a1c   0x000003bc   Code   RO          159    i.main              smart-lock-with-nu-lb-nuc140.o
    0x00001dd8   0x00000022   Code   RO           68    i.print_lcd         lcd_driver.o
    0x00001dfa   0x00000002   PAD
    0x00001dfc   0x00000034   Code   RO          160    i.sendOTP           smart-lock-with-nu-lb-nuc140.o
    0x00001e30   0x0000002c   Code   RO          161    i.servo_close       smart-lock-with-nu-lb-nuc140.o
    0x00001e5c   0x0000002c   Code   RO          162    i.servo_open        smart-lock-with-nu-lb-nuc140.o
    0x00001e88   0x00000042   Data   RO          165    .constdata          smart-lock-with-nu-lb-nuc140.o
    0x00001eca   0x00000002   PAD
    0x00001ecc   0x00000004   Data   RO          295    .constdata          scankey.o
    0x00001ed0   0x00000010   Data   RO          408    .constdata          drvsys.o
    0x00001ee0   0x00000020   Data   RO         1321    Region$$Table       anon$$obj.o


    Execution Region ER_RW (Base: 0x20000000, Size: 0x00000694, Max: 0xffffffff, ABSOLUTE)

    Base Addr    Size         Type   Attr      Idx    E Section Name        Object

    0x20000000   0x0000001c   Data   RW           19    .data               system_nuc1xx.o
    0x2000001c   0x00000010   Data   RW           69    .data               lcd_driver.o
    0x2000002c   0x000005f0   Data   RW          140    .data               ascii_table.o
    0x2000061c   0x0000004e   Data   RW          166    .data               smart-lock-with-nu-lb-nuc140.o
    0x2000066a   0x00000002   PAD
    0x2000066c   0x00000008   Data   RW          409    .data               drvsys.o
    0x20000674   0x00000010   Data   RW          694    .data               drvgpio.o
    0x20000684   0x0000000c   Data   RW          909    .data               drvuart.o
    0x20000690   0x00000004   Data   RW         1024    .data               rand.o(mc_p.l)


    Execution Region ER_ZI (Base: 0x20000694, Size: 0x0000041c, Max: 0xffffffff, ABSOLUTE)

    Base Addr    Size         Type   Attr      Idx    E Section Name        Object

    0x20000694   0x00000019   Zero   RW          164    .bss                smart-lock-with-nu-lb-nuc140.o
    0x200006ad   0x00000003   PAD
    0x200006b0   0x00000400   Zero   RW           53    STACK               startup_nuc1xx.o


==============================================================================

Image component sizes


      Code (inc. data)   RO Data    RW Data    ZI Data      Debug   Object Name

         0          0          0       1520          0        492   ascii_table.o
         0          0          0          0          0       4208   core_cm0.o
      1098         56          0          0          0       1818   driver_pwm_servo.o
      1284        150          0         16          0       7330   drvgpio.o
       772        148         16          8          0      10873   drvsys.o
       932         82          0         12          0      13314   drvuart.o
       578         20          0         16          0       4513   lcd_driver.o
       154          4          4          0          0       2187   scankey.o
      1840        380         66         78         25     143965   smart-lock-with-nu-lb-nuc140.o
        76         32        192          0       1024        560   startup_nuc1xx.o
       134         22          0         28          0     119358   system_nuc1xx.o

    ----------------------------------------------------------------------
      6874        894        312       1680       1052     308618   Object Totals
         0          0         32          0          0          0   (incl. Generated)
         6          0          2          2          3          2   (incl. Padding)

    ----------------------------------------------------------------------

      Code (inc. data)   RO Data    RW Data    ZI Data      Debug   Library Member Name

         0          0          0          0          0          0   entry.o
         8          4          0          0          0          0   entry2.o
         4          0          0          0          0          0   entry5.o
         8          4          0          0          0          0   entry7.o
        30          0          0          0          0          0   handlers.o
        40          0          0          0          0         72   idiv.o
        36          8          0          0          0         68   init.o
       494         10          0          0          0        228   printf3.o
        36         12          0          4          0        116   rand.o
        28          0          0          0          0         68   strcmp.o
        18          0          0          0          0         60   strcpy.o
        44          0          0          0          0         68   uidiv.o

    ----------------------------------------------------------------------
       750         38          0          4          0        680   Library Totals
         4          0          0          0          0          0   (incl. Padding)

    ----------------------------------------------------------------------

      Code (inc. data)   RO Data    RW Data    ZI Data      Debug   Library Name

       746         38          0          4          0        680   mc_p.l

    ----------------------------------------------------------------------
       750         38          0          4          0        680   Library Totals

    ----------------------------------------------------------------------

==============================================================================


      Code (inc. data)   RO Data    RW Data    ZI Data      Debug   

      7624        932        312       1684       1052     306772   Grand Totals
      7624        932        312       1684       1052     306772   ELF Image Totals
      7624        932        312       1684          0          0   ROM Totals

==============================================================================

    Total RO  Size (Code + RO Data)                 7936 (   7.75kB)
    Total RW  Size (RW Data + ZI Data)              2736 (   2.67kB)
    Total ROM Size (Code + RO Data + RW Data)       9620 (   9.39kB)

==============================================================================

