<html>
<body>
<pre>
<h1>µVision Build Log</h1>
<h2>Project:</h2>
C:\Nuvoton\NUC140BSP\NuvotonPlatform_Keil\Sample\EduSampleCode\Smart-lock-with-nu-lb-nuc140\Smart-lock-with-nu-lb-nuc140.uvproj
Project File Date:  06/20/2023

<h2>Output:</h2>
Build target 'Smpl_Timer_SR04'
creating preprocessor file for Smart-lock-with-nu-lb-nuc140.c...
compiling Smart-lock-with-nu-lb-nuc140.c...
Smart-lock-with-nu-lb-nuc140.c(276): warning:  #167-D: argument of type "char *" is incompatible with parameter of type "uint8_t *"
Smart-lock-with-nu-lb-nuc140.c(338): warning:  #167-D: argument of type "void (*)(void)" is incompatible with parameter of type "PFN_DRVUART_CALLBACK *"
Smart-lock-with-nu-lb-nuc140.c(351): warning:  #188-D: enumerated type mixed with another type
Smart-lock-with-nu-lb-nuc140.c(317): warning:  #177-D: variable "flag" was declared but never referenced
linking...
Program Size: Code=7708 RO-data=300 RW-data=1684 ZI-data=1052  
User command #1: fromelf --bin ".\obj\Smpl_Timer_SR04.axf" --output ".\obj\Smpl_Timer_SR04.bin"
User command #2: fromelf --text -c ".\obj\Smpl_Timer_SR04.axf" --output ".\obj\Smpl_Timer_SR04.txt"
".\obj\Smpl_Timer_SR04.axf" - 0 Error(s), 4 Warning(s).
Load "C:\\Nuvoton\\NUC140BSP\\NuvotonPlatform_Keil\\Sample\\EduSampleCode\\Smart-lock-with-nu-lb-nuc140\\obj\\Smpl_Timer_SR04.AXF" 
Build target 'Smpl_Timer_SR04'
creating preprocessor file for Smart-lock-with-nu-lb-nuc140.c...
compiling Smart-lock-with-nu-lb-nuc140.c...
Smart-lock-with-nu-lb-nuc140.c(276): warning:  #167-D: argument of type "char *" is incompatible with parameter of type "uint8_t *"
Smart-lock-with-nu-lb-nuc140.c(338): warning:  #167-D: argument of type "void (*)(void)" is incompatible with parameter of type "PFN_DRVUART_CALLBACK *"
Smart-lock-with-nu-lb-nuc140.c(351): warning:  #188-D: enumerated type mixed with another type
Smart-lock-with-nu-lb-nuc140.c(317): warning:  #177-D: variable "flag" was declared but never referenced
linking...
Program Size: Code=7708 RO-data=300 RW-data=1684 ZI-data=1052  
User command #1: fromelf --bin ".\obj\Smpl_Timer_SR04.axf" --output ".\obj\Smpl_Timer_SR04.bin"
User command #2: fromelf --text -c ".\obj\Smpl_Timer_SR04.axf" --output ".\obj\Smpl_Timer_SR04.txt"
".\obj\Smpl_Timer_SR04.axf" - 0 Error(s), 4 Warning(s).
Build target 'Smpl_Timer_SR04'
linking...
Program Size: Code=7708 RO-data=300 RW-data=1684 ZI-data=1052  
User command #1: fromelf --bin ".\obj\Smpl_Timer_SR04.axf" --output ".\obj\Smpl_Timer_SR04.bin"
User command #2: fromelf --text -c ".\obj\Smpl_Timer_SR04.axf" --output ".\obj\Smpl_Timer_SR04.txt"
".\obj\Smpl_Timer_SR04.axf" - 0 Error(s), 0 Warning(s).
Load "C:\\Nuvoton\\NUC140BSP\\NuvotonPlatform_Keil\\Sample\\EduSampleCode\\Smart-lock-with-nu-lb-nuc140\\obj\\Smpl_Timer_SR04.AXF" 
Build target 'Smpl_Timer_SR04'
creating preprocessor file for Smart-lock-with-nu-lb-nuc140.c...
compiling Smart-lock-with-nu-lb-nuc140.c...
Smart-lock-with-nu-lb-nuc140.c(276): warning:  #167-D: argument of type "char *" is incompatible with parameter of type "uint8_t *"
Smart-lock-with-nu-lb-nuc140.c(337): warning:  #167-D: argument of type "void (*)(void)" is incompatible with parameter of type "PFN_DRVUART_CALLBACK *"
Smart-lock-with-nu-lb-nuc140.c(316): warning:  #177-D: variable "flag" was declared but never referenced
linking...
Program Size: Code=7592 RO-data=320 RW-data=1684 ZI-data=1052  
User command #1: fromelf --bin ".\obj\Smpl_Timer_SR04.axf" --output ".\obj\Smpl_Timer_SR04.bin"
User command #2: fromelf --text -c ".\obj\Smpl_Timer_SR04.axf" --output ".\obj\Smpl_Timer_SR04.txt"
".\obj\Smpl_Timer_SR04.axf" - 0 Error(s), 3 Warning(s).
Load "C:\\Nuvoton\\NUC140BSP\\NuvotonPlatform_Keil\\Sample\\EduSampleCode\\Smart-lock-with-nu-lb-nuc140\\obj\\Smpl_Timer_SR04.AXF" 
Build target 'Smpl_Timer_SR04'
creating preprocessor file for Smart-lock-with-nu-lb-nuc140.c...
compiling Smart-lock-with-nu-lb-nuc140.c...
Smart-lock-with-nu-lb-nuc140.c(276): warning:  #167-D: argument of type "char *" is incompatible with parameter of type "uint8_t *"
Smart-lock-with-nu-lb-nuc140.c(337): warning:  #167-D: argument of type "void (*)(void)" is incompatible with parameter of type "PFN_DRVUART_CALLBACK *"
Smart-lock-with-nu-lb-nuc140.c(316): warning:  #177-D: variable "flag" was declared but never referenced
linking...
Program Size: Code=7568 RO-data=312 RW-data=1684 ZI-data=1052  
User command #1: fromelf --bin ".\obj\Smpl_Timer_SR04.axf" --output ".\obj\Smpl_Timer_SR04.bin"
User command #2: fromelf --text -c ".\obj\Smpl_Timer_SR04.axf" --output ".\obj\Smpl_Timer_SR04.txt"
".\obj\Smpl_Timer_SR04.axf" - 0 Error(s), 3 Warning(s).
Load "C:\\Nuvoton\\NUC140BSP\\NuvotonPlatform_Keil\\Sample\\EduSampleCode\\Smart-lock-with-nu-lb-nuc140\\obj\\Smpl_Timer_SR04.AXF" 
Build target 'Smpl_Timer_SR04'
creating preprocessor file for Smart-lock-with-nu-lb-nuc140.c...
compiling Smart-lock-with-nu-lb-nuc140.c...
Smart-lock-with-nu-lb-nuc140.c(276): warning:  #167-D: argument of type "char *" is incompatible with parameter of type "uint8_t *"
Smart-lock-with-nu-lb-nuc140.c(337): warning:  #167-D: argument of type "void (*)(void)" is incompatible with parameter of type "PFN_DRVUART_CALLBACK *"
Smart-lock-with-nu-lb-nuc140.c(316): warning:  #177-D: variable "flag" was declared but never referenced
linking...
Program Size: Code=7584 RO-data=312 RW-data=1684 ZI-data=1052  
User command #1: fromelf --bin ".\obj\Smpl_Timer_SR04.axf" --output ".\obj\Smpl_Timer_SR04.bin"
User command #2: fromelf --text -c ".\obj\Smpl_Timer_SR04.axf" --output ".\obj\Smpl_Timer_SR04.txt"
".\obj\Smpl_Timer_SR04.axf" - 0 Error(s), 3 Warning(s).
Load "C:\\Nuvoton\\NUC140BSP\\NuvotonPlatform_Keil\\Sample\\EduSampleCode\\Smart-lock-with-nu-lb-nuc140\\obj\\Smpl_Timer_SR04.AXF" 
Build target 'Smpl_Timer_SR04'
creating preprocessor file for Smart-lock-with-nu-lb-nuc140.c...
compiling Smart-lock-with-nu-lb-nuc140.c...
Smart-lock-with-nu-lb-nuc140.c(276): warning:  #167-D: argument of type "char *" is incompatible with parameter of type "uint8_t *"
Smart-lock-with-nu-lb-nuc140.c(337): warning:  #167-D: argument of type "void (*)(void)" is incompatible with parameter of type "PFN_DRVUART_CALLBACK *"
Smart-lock-with-nu-lb-nuc140.c(316): warning:  #177-D: variable "flag" was declared but never referenced
linking...
Program Size: Code=7628 RO-data=312 RW-data=1684 ZI-data=1052  
User command #1: fromelf --bin ".\obj\Smpl_Timer_SR04.axf" --output ".\obj\Smpl_Timer_SR04.bin"
User command #2: fromelf --text -c ".\obj\Smpl_Timer_SR04.axf" --output ".\obj\Smpl_Timer_SR04.txt"
".\obj\Smpl_Timer_SR04.axf" - 0 Error(s), 3 Warning(s).
Load "C:\\Nuvoton\\NUC140BSP\\NuvotonPlatform_Keil\\Sample\\EduSampleCode\\Smart-lock-with-nu-lb-nuc140\\obj\\Smpl_Timer_SR04.AXF" 
Build target 'Smpl_Timer_SR04'
creating preprocessor file for Smart-lock-with-nu-lb-nuc140.c...
compiling Smart-lock-with-nu-lb-nuc140.c...
Smart-lock-with-nu-lb-nuc140.c(276): warning:  #167-D: argument of type "char *" is incompatible with parameter of type "uint8_t *"
Smart-lock-with-nu-lb-nuc140.c(337): warning:  #167-D: argument of type "void (*)(void)" is incompatible with parameter of type "PFN_DRVUART_CALLBACK *"
Smart-lock-with-nu-lb-nuc140.c(316): warning:  #177-D: variable "flag" was declared but never referenced
linking...
Program Size: Code=7616 RO-data=312 RW-data=1684 ZI-data=1052  
User command #1: fromelf --bin ".\obj\Smpl_Timer_SR04.axf" --output ".\obj\Smpl_Timer_SR04.bin"
User command #2: fromelf --text -c ".\obj\Smpl_Timer_SR04.axf" --output ".\obj\Smpl_Timer_SR04.txt"
".\obj\Smpl_Timer_SR04.axf" - 0 Error(s), 3 Warning(s).
Load "C:\\Nuvoton\\NUC140BSP\\NuvotonPlatform_Keil\\Sample\\EduSampleCode\\Smart-lock-with-nu-lb-nuc140\\obj\\Smpl_Timer_SR04.AXF" 
Build target 'Smpl_Timer_SR04'
creating preprocessor file for Smart-lock-with-nu-lb-nuc140.c...
compiling Smart-lock-with-nu-lb-nuc140.c...
Smart-lock-with-nu-lb-nuc140.c(276): warning:  #167-D: argument of type "char *" is incompatible with parameter of type "uint8_t *"
Smart-lock-with-nu-lb-nuc140.c(337): warning:  #167-D: argument of type "void (*)(void)" is incompatible with parameter of type "PFN_DRVUART_CALLBACK *"
Smart-lock-with-nu-lb-nuc140.c(316): warning:  #177-D: variable "flag" was declared but never referenced
linking...
Program Size: Code=7620 RO-data=312 RW-data=1684 ZI-data=1052  
User command #1: fromelf --bin ".\obj\Smpl_Timer_SR04.axf" --output ".\obj\Smpl_Timer_SR04.bin"
User command #2: fromelf --text -c ".\obj\Smpl_Timer_SR04.axf" --output ".\obj\Smpl_Timer_SR04.txt"
".\obj\Smpl_Timer_SR04.axf" - 0 Error(s), 3 Warning(s).
Load "C:\\Nuvoton\\NUC140BSP\\NuvotonPlatform_Keil\\Sample\\EduSampleCode\\Smart-lock-with-nu-lb-nuc140\\obj\\Smpl_Timer_SR04.AXF" 
Build target 'Smpl_Timer_SR04'
creating preprocessor file for Smart-lock-with-nu-lb-nuc140.c...
compiling Smart-lock-with-nu-lb-nuc140.c...
Smart-lock-with-nu-lb-nuc140.c(276): warning:  #167-D: argument of type "char *" is incompatible with parameter of type "uint8_t *"
Smart-lock-with-nu-lb-nuc140.c(337): warning:  #167-D: argument of type "void (*)(void)" is incompatible with parameter of type "PFN_DRVUART_CALLBACK *"
Smart-lock-with-nu-lb-nuc140.c(316): warning:  #177-D: variable "flag" was declared but never referenced
linking...
Program Size: Code=7624 RO-data=312 RW-data=1684 ZI-data=1052  
User command #1: fromelf --bin ".\obj\Smpl_Timer_SR04.axf" --output ".\obj\Smpl_Timer_SR04.bin"
User command #2: fromelf --text -c ".\obj\Smpl_Timer_SR04.axf" --output ".\obj\Smpl_Timer_SR04.txt"
".\obj\Smpl_Timer_SR04.axf" - 0 Error(s), 3 Warning(s).
Load "C:\\Nuvoton\\NUC140BSP\\NuvotonPlatform_Keil\\Sample\\EduSampleCode\\Smart-lock-with-nu-lb-nuc140\\obj\\Smpl_Timer_SR04.AXF" 
Build target 'Smpl_Timer_SR04'
creating preprocessor file for Smart-lock-with-nu-lb-nuc140.c...
compiling Smart-lock-with-nu-lb-nuc140.c...
Smart-lock-with-nu-lb-nuc140.c(276): warning:  #167-D: argument of type "char *" is incompatible with parameter of type "uint8_t *"
Smart-lock-with-nu-lb-nuc140.c(337): warning:  #167-D: argument of type "void (*)(void)" is incompatible with parameter of type "PFN_DRVUART_CALLBACK *"
Smart-lock-with-nu-lb-nuc140.c(316): warning:  #177-D: variable "flag" was declared but never referenced
linking...
Program Size: Code=7624 RO-data=312 RW-data=1684 ZI-data=1052  
User command #1: fromelf --bin ".\obj\Smpl_Timer_SR04.axf" --output ".\obj\Smpl_Timer_SR04.bin"
User command #2: fromelf --text -c ".\obj\Smpl_Timer_SR04.axf" --output ".\obj\Smpl_Timer_SR04.txt"
".\obj\Smpl_Timer_SR04.axf" - 0 Error(s), 3 Warning(s).
Load "C:\\Nuvoton\\NUC140BSP\\NuvotonPlatform_Keil\\Sample\\EduSampleCode\\Smart-lock-with-nu-lb-nuc140\\obj\\Smpl_Timer_SR04.AXF" 
